Archive member included because of file (symbol)

C:\Program Files (x86)\VEX Robotics\VEXcode Pro V5\sdk/vexv5\libv5rt.a(v5_startup.c.obj)
                              (vexStartup)
C:\Program Files (x86)\VEX Robotics\VEXcode Pro V5\sdk/vexv5\libv5rt.a(v5_util.c.obj)
                              C:\Program Files (x86)\VEX Robotics\VEXcode Pro V5\sdk/vexv5\libv5rt.a(v5_startup.c.obj) (vexStdlibVersionLinked)
C:\Program Files (x86)\VEX Robotics\VEXcode Pro V5\sdk/vexv5\libv5rt.a(v5_apijump.c.obj)
                              C:\Program Files (x86)\VEX Robotics\VEXcode Pro V5\sdk/vexv5\libv5rt.a(v5_startup.c.obj) (vexPrivateApiEnable)
C:\Program Files (x86)\VEX Robotics\VEXcode Pro V5\sdk/vexv5\libv5rt.a(v5_apiversions.c.obj)
                              C:\Program Files (x86)\VEX Robotics\VEXcode Pro V5\sdk/vexv5\libv5rt.a(v5_apijump.c.obj) (vexSystemVersion)
C:\Program Files (x86)\VEX Robotics\VEXcode Pro V5\sdk/vexv5\libv5rt.a(vex_global.cpp.obj)
                              build/src/main.o (vex::wait(double, vex::timeUnits))
C:\Program Files (x86)\VEX Robotics\VEXcode Pro V5\sdk/vexv5\libv5rt.a(vex_motor.cpp.obj)
                              build/src/main.o (vex::motor::~motor())
C:\Program Files (x86)\VEX Robotics\VEXcode Pro V5\sdk/vexv5\libv5rt.a(vex_vision.cpp.obj)
                              build/src/main.o (vex::vision::~vision())
C:\Program Files (x86)\VEX Robotics\VEXcode Pro V5\sdk/vexv5\libv5rt.a(vex_controller.cpp.obj)
                              build/src/main.o (vex::controller::~controller())
C:\Program Files (x86)\VEX Robotics\VEXcode Pro V5\sdk/vexv5\libv5rt.a(vex_thread.cpp.obj)
                              C:\Program Files (x86)\VEX Robotics\VEXcode Pro V5\sdk/vexv5\libv5rt.a(vex_global.cpp.obj) (vex::this_thread::sleep_for(unsigned long))
C:\Program Files (x86)\VEX Robotics\VEXcode Pro V5\sdk/vexv5\libv5rt.a(vex_event.cpp.obj)
                              build/src/main.o (vex::event::event())
C:\Program Files (x86)\VEX Robotics\VEXcode Pro V5\sdk/vexv5\libv5rt.a(vex_mevent.cpp.obj)
                              C:\Program Files (x86)\VEX Robotics\VEXcode Pro V5\sdk/vexv5\libv5rt.a(vex_controller.cpp.obj) (vex::mevent::mevent(unsigned long, unsigned long))
C:\Program Files (x86)\VEX Robotics\VEXcode Pro V5\sdk/vexv5\libv5rt.a(vex_brain.cpp.obj)
                              build/src/main.o (vex::brain::brain())
C:\Program Files (x86)\VEX Robotics\VEXcode Pro V5\sdk/vexv5\libv5rt.a(vex_competition.cpp.obj)
                              build/src/main.o (vex::competition::competition())
C:\Program Files (x86)\VEX Robotics\VEXcode Pro V5\sdk/vexv5\libv5rt.a(vex_triport.cpp.obj)
                              C:\Program Files (x86)\VEX Robotics\VEXcode Pro V5\sdk/vexv5\libv5rt.a(vex_brain.cpp.obj) (vex::triport::~triport())
C:\Program Files (x86)\VEX Robotics\VEXcode Pro V5\sdk/vexv5\libv5rt.a(vex_color.cpp.obj)
                              build/src/main.o (vex::color::~color())
C:\Program Files (x86)\VEX Robotics\VEXcode Pro V5\sdk/vexv5\libv5rt.a(vex_timer.cpp.obj)
                              C:\Program Files (x86)\VEX Robotics\VEXcode Pro V5\sdk/vexv5\libv5rt.a(vex_brain.cpp.obj) (vex::timer::~timer())
C:\Program Files (x86)\VEX Robotics\VEXcode Pro V5\sdk/vexv5\libv5rt.a(vex_motorgroup.cpp.obj)
                              build/src/main.o (vex::motor_group::motor_group())
C:\Program Files (x86)\VEX Robotics\VEXcode Pro V5\sdk/vexv5\libv5rt.a(v5_apiuser.c.obj)
                              C:\Program Files (x86)\VEX Robotics\VEXcode Pro V5\sdk/vexv5\libv5rt.a(vex_triport.cpp.obj) (vexAdiPortConfigSet)
C:\Program Files (x86)\VEX Robotics\VEXcode Pro V5\sdk/vexv5\libv5rt.a(vex_device.cpp.obj)
                              C:\Program Files (x86)\VEX Robotics\VEXcode Pro V5\sdk/vexv5\libv5rt.a(vex_motor.cpp.obj) (vex::device::~device())
C:\Program Files (x86)\VEX Robotics\VEXcode Pro V5\sdk/vexv5\libv5rt.a(vex_task.cpp.obj)
                              C:\Program Files (x86)\VEX Robotics\VEXcode Pro V5\sdk/vexv5\libv5rt.a(vex_competition.cpp.obj) (vex::task::task(int (*)()))
C:\Program Files (x86)\VEX Robotics\VEXcode Pro V5\sdk/vexv5/gcc/libs\libc.a(lib_a-fini.o)
                              C:\Program Files (x86)\VEX Robotics\VEXcode Pro V5\sdk/vexv5\libv5rt.a(v5_startup.c.obj) (__libc_fini_array)
C:\Program Files (x86)\VEX Robotics\VEXcode Pro V5\sdk/vexv5/gcc/libs\libc.a(lib_a-impure.o)
                              C:\Program Files (x86)\VEX Robotics\VEXcode Pro V5\sdk/vexv5\libv5rt.a(v5_startup.c.obj) (_impure_ptr)
C:\Program Files (x86)\VEX Robotics\VEXcode Pro V5\sdk/vexv5/gcc/libs\libc.a(lib_a-init.o)
                              C:\Program Files (x86)\VEX Robotics\VEXcode Pro V5\sdk/vexv5\libv5rt.a(v5_startup.c.obj) (__libc_init_array)
C:\Program Files (x86)\VEX Robotics\VEXcode Pro V5\sdk/vexv5/gcc/libs\libc.a(lib_a-tolower.o)
                              C:\Program Files (x86)\VEX Robotics\VEXcode Pro V5\sdk/vexv5\libv5rt.a(vex_brain.cpp.obj) (tolower)
[...]
Memory Configuration

Name             Origin             Length             Attributes
ps7_ddr_0_S_AXI_BASEADDR 0x03800000         0x04800000
*default*        0x00000000         0xffffffff

Linker script and memory map

                0x00002000                _STACK_SIZE = DEFINED (_STACK_SIZE)?_STACK_SIZE:0x2000
                0x00100000                _HEAP_SIZE = DEFINED (_HEAP_SIZE)?_HEAP_SIZE:0x100000
                0x00000400                _ABORT_STACK_SIZE = DEFINED (_ABORT_STACK_SIZE)?_ABORT_STACK_SIZE:0x400
                0x00000800                _SUPERVISOR_STACK_SIZE = DEFINED (_SUPERVISOR_STACK_SIZE)?_SUPERVISOR_STACK_SIZE:0x800
                0x00000400                _IRQ_STACK_SIZE = DEFINED (_IRQ_STACK_SIZE)?_IRQ_STACK_SIZE:0x400
                0x00000400                _FIQ_STACK_SIZE = DEFINED (_FIQ_STACK_SIZE)?_FIQ_STACK_SIZE:0x400
                0x00000400                _UNDEF_STACK_SIZE = DEFINED (_UNDEF_STACK_SIZE)?_UNDEF_STACK_SIZE:0x400

.text           0x03800000     0x4378
 *(.vectors)
 *(.boot_data)
 .boot_data     0x03800000       0x20 C:\Program Files (x86)\VEX Robotics\VEXcode Pro V5\sdk/vexv5\libv5rt.a(v5_startup.c.obj)
                0x03800000                vexCodeSig
                0x00000020                . = 0x20
 *(.boot)
 .boot          0x03800020       0xbc C:\Program Files (x86)\VEX Robotics\VEXcode Pro V5\sdk/vexv5\libv5rt.a(v5_startup.c.obj)
                0x03800020                vexStartup
                0x03800100                . = ALIGN (0x40)
 *fill*         0x038000dc       0x24 
 *(.freertos_vectors)
 *(.text)
 *(.text.*)
 .text._ZN3vex11motor_groupC2IJNS_5motorES2_EEERS2_DpRT_
                0x03800100       0x44 build/src/main.o
                0x03800100                vex::motor_group::motor_group<vex::motor, vex::motor>(vex::motor&, vex::motor&, vex::motor&)
 .text._ZN3vex6visionC2IJNS0_9signatureES2_S2_S2_S2_S2_EEElhDpRT_
                0x03800144       0x58 build/src/main.o
                0x03800144                vex::vision::vision<vex::vision::signature, vex::vision::signature, vex::vision::signature, vex::vision::signature, vex::vision::signature, vex::vision::signature>(long, unsigned char, vex::vision::signature&, vex::vision::signature&, vex::vision::signature&, vex::vision::signature&, vex::vision::signature&, vex::vision::signature&)
 .text._Z20ToggleDriveDirectionv
                0x0380019c       0x34 build/src/main.o
                0x0380019c                ToggleDriveDirection()
 .text._Z12ToggleIntakev
                0x038001d0       0x88 build/src/main.o
                0x038001d0                ToggleIntake()
 .text._Z14hasRedCallbackv
                0x03800258       0xa8 build/src/main.o
                0x03800258                hasRedCallback()
 .text._Z9TurnRighti
                0x03800300       0x8c build/src/main.o
                0x03800300                TurnRight(int)
 .text._Z8TurnLefti
                0x0380038c       0x8c build/src/main.o
                0x0380038c                TurnLeft(int)
 .text._Z9pre_autonv
                0x03800418       0x60 build/src/main.o
                0x03800418                pre_auton()
 .text._ZN3vex5brain3lcd5printINS_5colorEEEvT_
                0x03800478       0x70 build/src/main.o
                0x03800478                void vex::brain::lcd::print<vex::color>(vex::color)
 .text._Z10autonomousv
                0x038004e8      0x368 build/src/main.o
                0x038004e8                autonomous()
 .text._Z11usercontrolv
                0x03800850      0x340 build/src/main.o
                0x03800850                usercontrol()
 .text.main     0x03800b90       0x68 build/src/main.o
                0x03800b90                main
 .text._ZN3vex6vision7_setsigINS0_9signatureEJS2_S2_S2_S2_EEEvRT_DpRT0_
                0x03800bf8       0x4c build/src/main.o
                0x03800bf8                void vex::vision::_setsig<vex::vision::signature, vex::vision::signature, vex::vision::signature, vex::vision::signature, vex::vision::signature>(vex::vision::signature&, vex::vision::signature&, vex::vision::signature&, vex::vision::signature&, vex::vision::signature&)
 .text._ZN3vex11motor_group9_addMotorIJNS_5motorES2_S2_S2_EEEvRS2_DpRT_
                0x03800c44       0x4c build/src/main.o
                0x03800c44                void vex::motor_group::_addMotor<vex::motor, vex::motor, vex::motor, vex::motor>(vex::motor&, vex::motor&, vex::motor&, vex::motor&, vex::motor&)
 .text._GLOBAL__sub_I_main.cpp
                0x03800c90      0x5cc build/src/main.o
 .text._Z11vexcodeInitv
                0x0380125c        0x4 build/src/robot-config.o
                0x0380125c                vexcodeInit()
 .text.vexMain  0x03801260       0xb0 C:\Program Files (x86)\VEX Robotics\VEXcode Pro V5\sdk/vexv5\libv5rt.a(v5_startup.c.obj)
                0x03801260                vexMain
 .text.__vex_function_prolog
                0x03801310       0x18 C:\Program Files (x86)\VEX Robotics\VEXcode Pro V5\sdk/vexv5\libv5rt.a(v5_startup.c.obj)
                0x03801310                __vex_function_prolog
 .text._init    0x03801328        0x4 C:\Program Files (x86)\VEX Robotics\VEXcode Pro V5\sdk/vexv5\libv5rt.a(v5_startup.c.obj)
                0x03801328                _init
 .text._fini    0x0380132c        0x4 C:\Program Files (x86)\VEX Robotics\VEXcode Pro V5\sdk/vexv5\libv5rt.a(v5_startup.c.obj)
                0x0380132c                _fini
 .text.vexStdlibVersionLinked
                0x03801330        0xc C:\Program Files (x86)\VEX Robotics\VEXcode Pro V5\sdk/vexv5\libv5rt.a(v5_util.c.obj)
                0x03801330                vexStdlibVersionLinked
 .text.vexStdlibVersionVerify
                0x0380133c       0x30 C:\Program Files (x86)\VEX Robotics\VEXcode Pro V5\sdk/vexv5\libv5rt.a(v5_util.c.obj)
                0x0380133c                vexStdlibVersionVerify
 .text.vexPrivateApiEnable
                0x0380136c       0x10 C:\Program Files (x86)\VEX Robotics\VEXcode Pro V5\sdk/vexv5\libv5rt.a(v5_apijump.c.obj)
                0x0380136c                vexPrivateApiEnable
 .text.vexStdlibMismatchError
                0x0380137c       0x3c C:\Program Files (x86)\VEX Robotics\VEXcode Pro V5\sdk/vexv5\libv5rt.a(v5_apijump.c.obj)
                0x0380137c                vexStdlibMismatchError
 .text.vexTaskAdd
                0x038013b8       0x10 C:\Program Files (x86)\VEX Robotics\VEXcode Pro V5\sdk/vexv5\libv5rt.a(v5_apijump.c.obj)
                0x038013b8                vexTaskAdd
 .text.vexTasksRun
                0x038013c8       0x10 C:\Program Files (x86)\VEX Robotics\VEXcode Pro V5\sdk/vexv5\libv5rt.a(v5_apijump.c.obj)
                0x038013c8                vexTasksRun
 .text.vexTaskYield
                0x038013d8       0x10 C:\Program Files (x86)\VEX Robotics\VEXcode Pro V5\sdk/vexv5\libv5rt.a(v5_apijump.c.obj)
                0x038013d8                vexTaskYield
 .text.vexTaskCheckTimeslice
                0x038013e8       0x10 C:\Program Files (x86)\VEX Robotics\VEXcode Pro V5\sdk/vexv5\libv5rt.a(v5_apijump.c.obj)
                0x038013e8                vexTaskCheckTimeslice
 .text.vexTaskSleep
                0x038013f8       0x10 C:\Program Files (x86)\VEX Robotics\VEXcode Pro V5\sdk/vexv5\libv5rt.a(v5_apijump.c.obj)
                0x038013f8                vexTaskSleep
 .text.vexTasksDump
                0x03801408       0x1c C:\Program Files (x86)\VEX Robotics\VEXcode Pro V5\sdk/vexv5\libv5rt.a(v5_apijump.c.obj)
                0x03801408                vexTasksDump
 .text.vexTaskGetTaskIndex
                0x03801424       0x10 C:\Program Files (x86)\VEX Robotics\VEXcode Pro V5\sdk/vexv5\libv5rt.a(v5_apijump.c.obj)
                0x03801424                vexTaskGetTaskIndex
 .text.vexTaskStopAll
                0x03801434       0x10 C:\Program Files (x86)\VEX Robotics\VEXcode Pro V5\sdk/vexv5\libv5rt.a(v5_apijump.c.obj)
                0x03801434                vexTaskStopAll
 .text.vexTaskRemoveAllUser
                0x03801444       0x34 C:\Program Files (x86)\VEX Robotics\VEXcode Pro V5\sdk/vexv5\libv5rt.a(v5_apijump.c.obj)
                0x03801444                vexTaskRemoveAllUser
 .text.vexTaskCompletionIdSet
                0x03801478       0x10 C:\Program Files (x86)\VEX Robotics\VEXcode Pro V5\sdk/vexv5\libv5rt.a(v5_apijump.c.obj)
                0x03801478                vexTaskCompletionIdSet
 .text.vexTaskStopWithId
                0x03801488       0x10 C:\Program Files (x86)\VEX Robotics\VEXcode Pro V5\sdk/vexv5\libv5rt.a(v5_apijump.c.obj)
                0x03801488                vexTaskStopWithId
 .text.vexCriticalSection
                0x03801498       0x2c C:\Program Files (x86)\VEX Robotics\VEXcode Pro V5\sdk/vexv5\libv5rt.a(v5_apijump.c.obj)
                0x03801498                vexCriticalSection
 .text.vexEventBroadcastAndWait
                0x038014c4       0x2c C:\Program Files (x86)\VEX Robotics\VEXcode Pro V5\sdk/vexv5\libv5rt.a(v5_apijump.c.obj)
                0x038014c4                vexEventBroadcastAndWait
 .text.vexEventAdd
                0x038014f0       0x34 C:\Program Files (x86)\VEX Robotics\VEXcode Pro V5\sdk/vexv5\libv5rt.a(v5_apijump.c.obj)
                0x038014f0                vexEventAdd
 .text.vexEventUserIndexGet
                0x03801524       0x1c C:\Program Files (x86)\VEX Robotics\VEXcode Pro V5\sdk/vexv5\libv5rt.a(v5_apijump.c.obj)
                0x03801524                vexEventUserIndexGet
 .text.vexEventAddWithArg
                0x03801540       0x3c C:\Program Files (x86)\VEX Robotics\VEXcode Pro V5\sdk/vexv5\libv5rt.a(v5_apijump.c.obj)
                0x03801540                vexEventAddWithArg
 .text.vexEventsCleanup
                0x0380157c       0x2c C:\Program Files (x86)\VEX Robotics\VEXcode Pro V5\sdk/vexv5\libv5rt.a(v5_apijump.c.obj)
                0x0380157c                vexEventsCleanup
 .text.vexDebug
                0x038015a8       0x38 C:\Program Files (x86)\VEX Robotics\VEXcode Pro V5\sdk/vexv5\libv5rt.a(v5_apijump.c.obj)
                0x038015a8                vexDebug
 .text.vex_sprintf
                0x038015e0       0x40 C:\Program Files (x86)\VEX Robotics\VEXcode Pro V5\sdk/vexv5\libv5rt.a(v5_apijump.c.obj)
                0x038015e0                vex_sprintf
 .text.vex_vsnprintf
                0x03801620       0x3c C:\Program Files (x86)\VEX Robotics\VEXcode Pro V5\sdk/vexv5\libv5rt.a(v5_apijump.c.obj)
                0x03801620                vex_vsnprintf
 .text.vexSystemTimeGet
                0x0380165c       0x1c C:\Program Files (x86)\VEX Robotics\VEXcode Pro V5\sdk/vexv5\libv5rt.a(v5_apijump.c.obj)
                0x0380165c                vexSystemTimeGet
 .text.vexSystemExitRequest
                0x03801678       0x1c C:\Program Files (x86)\VEX Robotics\VEXcode Pro V5\sdk/vexv5\libv5rt.a(v5_apijump.c.obj)
                0x03801678                vexSystemExitRequest
 .text.vexDeviceGetByIndex
                0x03801694       0x24 C:\Program Files (x86)\VEX Robotics\VEXcode Pro V5\sdk/vexv5\libv5rt.a(v5_apijump.c.obj)
                0x03801694                vexDeviceGetByIndex
 .text.vexControllerGet
                0x038016b8       0x2c C:\Program Files (x86)\VEX Robotics\VEXcode Pro V5\sdk/vexv5\libv5rt.a(v5_apijump.c.obj)
                0x038016b8                vexControllerGet
 .text.vexDeviceAdiPortConfigSet
                0x038016e4       0x34 C:\Program Files (x86)\VEX Robotics\VEXcode Pro V5\sdk/vexv5\libv5rt.a(v5_apijump.c.obj)
                0x038016e4                vexDeviceAdiPortConfigSet
 .text.vexDeviceAdiPortConfigGet
                0x03801718       0x2c C:\Program Files (x86)\VEX Robotics\VEXcode Pro V5\sdk/vexv5\libv5rt.a(v5_apijump.c.obj)
                0x03801718                vexDeviceAdiPortConfigGet
 .text.vexDeviceAdiValueSet
                0x03801744       0x34 C:\Program Files (x86)\VEX Robotics\VEXcode Pro V5\sdk/vexv5\libv5rt.a(v5_apijump.c.obj)
                0x03801744                vexDeviceAdiValueSet
 .text.vexDeviceMotorVelocitySet
                0x03801778       0x2c C:\Program Files (x86)\VEX Robotics\VEXcode Pro V5\sdk/vexv5\libv5rt.a(v5_apijump.c.obj)
                0x03801778                vexDeviceMotorVelocitySet
 .text.vexDeviceMotorVelocityGet
                0x038017a4       0x24 C:\Program Files (x86)\VEX Robotics\VEXcode Pro V5\sdk/vexv5\libv5rt.a(v5_apijump.c.obj)
                0x038017a4                vexDeviceMotorVelocityGet
 .text.vexDeviceMotorActualVelocityGet
                0x038017c8       0x24 C:\Program Files (x86)\VEX Robotics\VEXcode Pro V5\sdk/vexv5\libv5rt.a(v5_apijump.c.obj)
                0x038017c8                vexDeviceMotorActualVelocityGet
 .text.vexDeviceMotorModeGet
                0x038017ec       0x24 C:\Program Files (x86)\VEX Robotics\VEXcode Pro V5\sdk/vexv5\libv5rt.a(v5_apijump.c.obj)
                0x038017ec                vexDeviceMotorModeGet
 .text.vexDeviceMotorZeroPositionFlagGet
                0x03801810       0x24 C:\Program Files (x86)\VEX Robotics\VEXcode Pro V5\sdk/vexv5\libv5rt.a(v5_apijump.c.obj)
                0x03801810                vexDeviceMotorZeroPositionFlagGet
 .text.vexDeviceMotorReverseFlagSet
                0x03801834       0x2c C:\Program Files (x86)\VEX Robotics\VEXcode Pro V5\sdk/vexv5\libv5rt.a(v5_apijump.c.obj)
                0x03801834                vexDeviceMotorReverseFlagSet
 .text.vexDeviceMotorEncoderUnitsSet
                0x03801860       0x2c C:\Program Files (x86)\VEX Robotics\VEXcode Pro V5\sdk/vexv5\libv5rt.a(v5_apijump.c.obj)
                0x03801860                vexDeviceMotorEncoderUnitsSet
 .text.vexDeviceMotorBrakeModeSet
                0x0380188c       0x2c C:\Program Files (x86)\VEX Robotics\VEXcode Pro V5\sdk/vexv5\libv5rt.a(v5_apijump.c.obj)
                0x0380188c                vexDeviceMotorBrakeModeSet
 .text.vexDeviceMotorPositionSet
                0x038018b8       0x34 C:\Program Files (x86)\VEX Robotics\VEXcode Pro V5\sdk/vexv5\libv5rt.a(v5_apijump.c.obj)
                0x038018b8                vexDeviceMotorPositionSet
 .text.vexDeviceMotorRelativeTargetSet
                0x038018ec       0x3c C:\Program Files (x86)\VEX Robotics\VEXcode Pro V5\sdk/vexv5\libv5rt.a(v5_apijump.c.obj)
                0x038018ec                vexDeviceMotorRelativeTargetSet
 .text.vexDeviceMotorGearingSet
                0x03801928       0x2c C:\Program Files (x86)\VEX Robotics\VEXcode Pro V5\sdk/vexv5\libv5rt.a(v5_apijump.c.obj)
                0x03801928                vexDeviceMotorGearingSet
 .text.vexDeviceMotorGearingGet
                0x03801954       0x24 C:\Program Files (x86)\VEX Robotics\VEXcode Pro V5\sdk/vexv5\libv5rt.a(v5_apijump.c.obj)
                0x03801954                vexDeviceMotorGearingGet
 .text.vexDeviceVisionModeSet
                0x03801978       0x2c C:\Program Files (x86)\VEX Robotics\VEXcode Pro V5\sdk/vexv5\libv5rt.a(v5_apijump.c.obj)
                0x03801978                vexDeviceVisionModeSet
 .text.vexDeviceVisionObjectCountGet
                0x038019a4       0x24 C:\Program Files (x86)\VEX Robotics\VEXcode Pro V5\sdk/vexv5\libv5rt.a(v5_apijump.c.obj)
                0x038019a4                vexDeviceVisionObjectCountGet
 .text.vexDeviceVisionObjectGet
                0x038019c8       0x34 C:\Program Files (x86)\VEX Robotics\VEXcode Pro V5\sdk/vexv5\libv5rt.a(v5_apijump.c.obj)
                0x038019c8                vexDeviceVisionObjectGet
 .text.vexDeviceVisionSignatureSet
                0x038019fc       0x2c C:\Program Files (x86)\VEX Robotics\VEXcode Pro V5\sdk/vexv5\libv5rt.a(v5_apijump.c.obj)
                0x038019fc                vexDeviceVisionSignatureSet
 .text.vexDeviceVisionBrightnessSet
                0x03801a28       0x2c C:\Program Files (x86)\VEX Robotics\VEXcode Pro V5\sdk/vexv5\libv5rt.a(v5_apijump.c.obj)
                0x03801a28                vexDeviceVisionBrightnessSet
 .text.vexDeviceVisionLedModeSet
                0x03801a54       0x2c C:\Program Files (x86)\VEX Robotics\VEXcode Pro V5\sdk/vexv5\libv5rt.a(v5_apijump.c.obj)
                0x03801a54                vexDeviceVisionLedModeSet
 .text.vexDeviceVisionLedColorSet
                0x03801a80       0x30 C:\Program Files (x86)\VEX Robotics\VEXcode Pro V5\sdk/vexv5\libv5rt.a(v5_apijump.c.obj)
                0x03801a80                vexDeviceVisionLedColorSet
 .text.vexDisplayForegroundColor
                0x03801ab0       0x24 C:\Program Files (x86)\VEX Robotics\VEXcode Pro V5\sdk/vexv5\libv5rt.a(v5_apijump.c.obj)
                0x03801ab0                vexDisplayForegroundColor
 .text.vexDisplayBackgroundColor
                0x03801ad4       0x24 C:\Program Files (x86)\VEX Robotics\VEXcode Pro V5\sdk/vexv5\libv5rt.a(v5_apijump.c.obj)
                0x03801ad4                vexDisplayBackgroundColor
 .text.vexDisplayBackgroundColorGet
                0x03801af8       0x1c C:\Program Files (x86)\VEX Robotics\VEXcode Pro V5\sdk/vexv5\libv5rt.a(v5_apijump.c.obj)
                0x03801af8                vexDisplayBackgroundColorGet
 .text.vexDisplayRectClear
                0x03801b14       0x4c C:\Program Files (x86)\VEX Robotics\VEXcode Pro V5\sdk/vexv5\libv5rt.a(v5_apijump.c.obj)
                0x03801b14                vexDisplayRectClear
 .text.vexDisplayVPrintf
                0x03801b60       0x50 C:\Program Files (x86)\VEX Robotics\VEXcode Pro V5\sdk/vexv5\libv5rt.a(v5_apijump.c.obj)
                0x03801b60                vexDisplayVPrintf
 .text.vexDisplayTextReference
                0x03801bb0       0x24 C:\Program Files (x86)\VEX Robotics\VEXcode Pro V5\sdk/vexv5\libv5rt.a(v5_apijump.c.obj)
                0x03801bb0                vexDisplayTextReference
 .text.vexDisplayTextSize
                0x03801bd4       0x2c C:\Program Files (x86)\VEX Robotics\VEXcode Pro V5\sdk/vexv5\libv5rt.a(v5_apijump.c.obj)
                0x03801bd4                vexDisplayTextSize
 .text.vexDisplayFontNamedSet
                0x03801c00       0x24 C:\Program Files (x86)\VEX Robotics\VEXcode Pro V5\sdk/vexv5\libv5rt.a(v5_apijump.c.obj)
                0x03801c00                vexDisplayFontNamedSet
 .text.vexDisplayStringWidthGet
                0x03801c24       0x24 C:\Program Files (x86)\VEX Robotics\VEXcode Pro V5\sdk/vexv5\libv5rt.a(v5_apijump.c.obj)
                0x03801c24                vexDisplayStringWidthGet
 .text.vexSystemStdlibImpureDataAddr
                0x03801c48       0x28 C:\Program Files (x86)\VEX Robotics\VEXcode Pro V5\sdk/vexv5\libv5rt.a(v5_apijump.c.obj)
                0x03801c48                vexSystemStdlibImpureDataAddr
 .text.vexSystemStdlibImpureDataSize
                0x03801c70       0x28 C:\Program Files (x86)\VEX Robotics\VEXcode Pro V5\sdk/vexv5\libv5rt.a(v5_apijump.c.obj)
                0x03801c70                vexSystemStdlibImpureDataSize
 .text.vexSystemSaveUserData
                0x03801c98       0x3c C:\Program Files (x86)\VEX Robotics\VEXcode Pro V5\sdk/vexv5\libv5rt.a(v5_apijump.c.obj)
                0x03801c98                vexSystemSaveUserData
 .text.vexDisplayThemeIdGet
                0x03801cd4       0x38 C:\Program Files (x86)\VEX Robotics\VEXcode Pro V5\sdk/vexv5\libv5rt.a(v5_apijump.c.obj)
                0x03801cd4                vexDisplayThemeIdGet
 .text.vexDeviceEventMaskSet
                0x03801d0c       0x48 C:\Program Files (x86)\VEX Robotics\VEXcode Pro V5\sdk/vexv5\libv5rt.a(v5_apijump.c.obj)
                0x03801d0c                vexDeviceEventMaskSet
 .text.vexDeviceEventMaskGet
                0x03801d54       0x3c C:\Program Files (x86)\VEX Robotics\VEXcode Pro V5\sdk/vexv5\libv5rt.a(v5_apijump.c.obj)
                0x03801d54                vexDeviceEventMaskGet
 .text.vexSystemVersion
                0x03801d90       0x10 C:\Program Files (x86)\VEX Robotics\VEXcode Pro V5\sdk/vexv5\libv5rt.a(v5_apiversions.c.obj)
                0x03801d90                vexSystemVersion
 .text.vexStdlibVersion
                0x03801da0       0x10 C:\Program Files (x86)\VEX Robotics\VEXcode Pro V5\sdk/vexv5\libv5rt.a(v5_apiversions.c.obj)
                0x03801da0                vexStdlibVersion
 .text._ZN3vex4waitEdNS_9timeUnitsE
                0x03801db0       0x30 C:\Program Files (x86)\VEX Robotics\VEXcode Pro V5\sdk/vexv5\libv5rt.a(vex_global.cpp.obj)
                0x03801db0                vex::wait(double, vex::timeUnits)
 .text._ZN3vex5motorD2Ev
                0x03801de0       0x20 C:\Program Files (x86)\VEX Robotics\VEXcode Pro V5\sdk/vexv5\libv5rt.a(vex_motor.cpp.obj)
                0x03801de0                vex::motor::~motor()
                0x03801de0                vex::motor::~motor()
 .text._ZN3vex5motorD0Ev
                0x03801e00       0x1c C:\Program Files (x86)\VEX Robotics\VEXcode Pro V5\sdk/vexv5\libv5rt.a(vex_motor.cpp.obj)
                0x03801e00                vex::motor::~motor()
 .text._ZN3vex5motor9installedEv
                0x03801e1c       0x18 C:\Program Files (x86)\VEX Robotics\VEXcode Pro V5\sdk/vexv5\libv5rt.a(vex_motor.cpp.obj)
                0x03801e1c                vex::motor::installed()
 .text._ZN3vex5motor15defaultStoppingENS_9brakeTypeE
                0x03801e34       0x30 C:\Program Files (x86)\VEX Robotics\VEXcode Pro V5\sdk/vexv5\libv5rt.a(vex_motor.cpp.obj)
                0x03801e34                vex::motor::defaultStopping(vex::brakeType)
 .text._ZN3vex5motorC2El
                0x03801e64       0x78 C:\Program Files (x86)\VEX Robotics\VEXcode Pro V5\sdk/vexv5\libv5rt.a(vex_motor.cpp.obj)
                0x03801e64                vex::motor::motor(long)
                0x03801e64                vex::motor::motor(long)
 .text._ZN3vex5motorC2ElNS_11gearSettingEb
                0x03801edc       0x34 C:\Program Files (x86)\VEX Robotics\VEXcode Pro V5\sdk/vexv5\libv5rt.a(vex_motor.cpp.obj)
                0x03801edc                vex::motor::motor(long, vex::gearSetting, bool)
                0x03801edc                vex::motor::motor(long, vex::gearSetting, bool)
 .text._ZN3vex5motor14isSpinningModeEv
                0x03801f10       0x48 C:\Program Files (x86)\VEX Robotics\VEXcode Pro V5\sdk/vexv5\libv5rt.a(vex_motor.cpp.obj)
                0x03801f10                vex::motor::isSpinningMode()
 .text._ZN3vex5motor10isSpinningEv
                0x03801f58       0x44 C:\Program Files (x86)\VEX Robotics\VEXcode Pro V5\sdk/vexv5\libv5rt.a(vex_motor.cpp.obj)
                0x03801f58                vex::motor::isSpinning()
 .text._ZN3vex5motor4stopENS_9brakeTypeE
                0x03801f9c       0x30 C:\Program Files (x86)\VEX Robotics\VEXcode Pro V5\sdk/vexv5\libv5rt.a(vex_motor.cpp.obj)
                0x03801f9c                vex::motor::stop(vex::brakeType)
 .text._ZN3vex5motor4stopEv
                0x03801fcc        0x8 C:\Program Files (x86)\VEX Robotics\VEXcode Pro V5\sdk/vexv5\libv5rt.a(vex_motor.cpp.obj)
                0x03801fcc                vex::motor::stop()
 .text._ZN3vex5motor16velocityToScaledEdNS_13velocityUnitsE
                0x03801fd4       0x5c C:\Program Files (x86)\VEX Robotics\VEXcode Pro V5\sdk/vexv5\libv5rt.a(vex_motor.cpp.obj)
                0x03801fd4                vex::motor::velocityToScaled(double, vex::velocityUnits)
 .text._ZN3vex5motor8velocityENS_13velocityUnitsE
                0x03802030       0x30 C:\Program Files (x86)\VEX Robotics\VEXcode Pro V5\sdk/vexv5\libv5rt.a(vex_motor.cpp.obj)
                0x03802030                vex::motor::velocity(vex::velocityUnits)
 .text._ZN3vex5motor5valueEv
                0x03802060       0x1c C:\Program Files (x86)\VEX Robotics\VEXcode Pro V5\sdk/vexv5\libv5rt.a(vex_motor.cpp.obj)
                0x03802060                vex::motor::value()
 .text._ZN3vex5motor16scaledToVelocityEdNS_13velocityUnitsE
                0x0380207c       0xa4 C:\Program Files (x86)\VEX Robotics\VEXcode Pro V5\sdk/vexv5\libv5rt.a(vex_motor.cpp.obj)
                0x0380207c                vex::motor::scaledToVelocity(double, vex::velocityUnits)
 .text._ZN3vex5motor4spinENS_13directionTypeEdNS_13velocityUnitsE
                0x03802120       0x5c C:\Program Files (x86)\VEX Robotics\VEXcode Pro V5\sdk/vexv5\libv5rt.a(vex_motor.cpp.obj)
                0x03802120                vex::motor::spin(vex::directionType, double, vex::velocityUnits)
 .text._ZN3vex5motor4spinENS_13directionTypeE
                0x0380217c       0x28 C:\Program Files (x86)\VEX Robotics\VEXcode Pro V5\sdk/vexv5\libv5rt.a(vex_motor.cpp.obj)
                0x0380217c                vex::motor::spin(vex::directionType)
 .text._ZN3vex5motor11setVelocityEdNS_13velocityUnitsE
                0x038021a4       0x54 C:\Program Files (x86)\VEX Robotics\VEXcode Pro V5\sdk/vexv5\libv5rt.a(vex_motor.cpp.obj)
                0x038021a4                vex::motor::setVelocity(double, vex::velocityUnits)
 .text._ZN3vex5motor16setRotationUnitsENS_13rotationUnitsE
                0x038021f8       0x1c C:\Program Files (x86)\VEX Robotics\VEXcode Pro V5\sdk/vexv5\libv5rt.a(vex_motor.cpp.obj)
                0x038021f8                vex::motor::setRotationUnits(vex::rotationUnits)
 .text._ZN3vex5motor9rotateForEdNS_13rotationUnitsEdNS_13velocityUnitsEb
                0x03802214       0xf4 C:\Program Files (x86)\VEX Robotics\VEXcode Pro V5\sdk/vexv5\libv5rt.a(vex_motor.cpp.obj)
                0x03802214                vex::motor::rotateFor(double, vex::rotationUnits, double, vex::velocityUnits, bool)
 .text._ZN3vex5motor9rotateForENS_13directionTypeEdNS_13rotationUnitsEb
                0x03802308       0x3c C:\Program Files (x86)\VEX Robotics\VEXcode Pro V5\sdk/vexv5\libv5rt.a(vex_motor.cpp.obj)
                0x03802308                vex::motor::rotateFor(vex::directionType, double, vex::rotationUnits, bool)
 .text._ZN3vex5motor7spinForENS_13directionTypeEdNS_13rotationUnitsEb
                0x03802344       0x3c C:\Program Files (x86)\VEX Robotics\VEXcode Pro V5\sdk/vexv5\libv5rt.a(vex_motor.cpp.obj)
                0x03802344                vex::motor::spinFor(vex::directionType, double, vex::rotationUnits, bool)
 .text._ZN3vex6vision9installedEv
                0x03802380       0x18 C:\Program Files (x86)\VEX Robotics\VEXcode Pro V5\sdk/vexv5\libv5rt.a(vex_vision.cpp.obj)
                0x03802380                vex::vision::installed()
 .text._ZN3vex6visionD2Ev
                0x03802398       0x38 C:\Program Files (x86)\VEX Robotics\VEXcode Pro V5\sdk/vexv5\libv5rt.a(vex_vision.cpp.obj)
                0x03802398                vex::vision::~vision()
                0x03802398                vex::vision::~vision()
 .text._ZN3vex6visionD0Ev
                0x038023d0       0x1c C:\Program Files (x86)\VEX Robotics\VEXcode Pro V5\sdk/vexv5\libv5rt.a(vex_vision.cpp.obj)
                0x038023d0                vex::vision::~vision()
 .text._ZN3vex6vision12setSignatureERNS0_9signatureE
                0x038023ec       0x70 C:\Program Files (x86)\VEX Robotics\VEXcode Pro V5\sdk/vexv5\libv5rt.a(vex_vision.cpp.obj)
                0x038023ec                vex::vision::setSignature(vex::vision::signature&)
 .text._ZN3vex6vision7setModeENS0_13detectionModeE
                0x0380245c       0x18 C:\Program Files (x86)\VEX Robotics\VEXcode Pro V5\sdk/vexv5\libv5rt.a(vex_vision.cpp.obj)
                0x0380245c                vex::vision::setMode(vex::vision::detectionMode)
 .text._ZN3vex6vision13setBrightnessEh
                0x03802474       0x30 C:\Program Files (x86)\VEX Robotics\VEXcode Pro V5\sdk/vexv5\libv5rt.a(vex_vision.cpp.obj)
                0x03802474                vex::vision::setBrightness(unsigned char)
 .text._ZN3vex6vision10setLedModeENS0_7ledModeE
                0x038024a4       0x18 C:\Program Files (x86)\VEX Robotics\VEXcode Pro V5\sdk/vexv5\libv5rt.a(vex_vision.cpp.obj)
                0x038024a4                vex::vision::setLedMode(vex::vision::ledMode)
 .text._ZN3vex6vision11setLedColorEhhh
                0x038024bc       0x30 C:\Program Files (x86)\VEX Robotics\VEXcode Pro V5\sdk/vexv5\libv5rt.a(vex_vision.cpp.obj)
                0x038024bc                vex::vision::setLedColor(unsigned char, unsigned char, unsigned char)
 .text._ZN3vex6vision9signatureD2Ev
                0x038024ec        0x4 C:\Program Files (x86)\VEX Robotics\VEXcode Pro V5\sdk/vexv5\libv5rt.a(vex_vision.cpp.obj)
                0x038024ec                vex::vision::signature::~signature()
                0x038024ec                vex::vision::signature::~signature()
 .text._ZN3vex6vision9signature5clearEv
                0x038024f0       0x38 C:\Program Files (x86)\VEX Robotics\VEXcode Pro V5\sdk/vexv5\libv5rt.a(vex_vision.cpp.obj)
                0x038024f0                vex::vision::signature::clear()
 .text._ZN3vex6vision9signatureC2Ev
                0x03802528       0x60 C:\Program Files (x86)\VEX Robotics\VEXcode Pro V5\sdk/vexv5\libv5rt.a(vex_vision.cpp.obj)
                0x03802528                vex::vision::signature::signature()
                0x03802528                vex::vision::signature::signature()
 .text._ZN3vex6vision9signatureC2Elllllllfl
                0x03802588       0x5c C:\Program Files (x86)\VEX Robotics\VEXcode Pro V5\sdk/vexv5\libv5rt.a(vex_vision.cpp.obj)
                0x03802588                vex::vision::signature::signature(long, long, long, long, long, long, long, float, long)
                0x03802588                vex::vision::signature::signature(long, long, long, long, long, long, long, float, long)
 *fill*         0x038025e4        0x4 
 .text._ZN3vex6vision6object3setE22_V5_DeviceVisionObject
                0x038025e8       0x78 C:\Program Files (x86)\VEX Robotics\VEXcode Pro V5\sdk/vexv5\libv5rt.a(vex_vision.cpp.obj)
                0x038025e8                vex::vision::object::set(_V5_DeviceVisionObject)
 .text._ZN3vex6vision6object5clearEv
                0x03802660       0x38 C:\Program Files (x86)\VEX Robotics\VEXcode Pro V5\sdk/vexv5\libv5rt.a(vex_vision.cpp.obj)
                0x03802660                vex::vision::object::clear()
 .text._ZN3vex6vision6objectC2Ev
                0x03802698       0x58 C:\Program Files (x86)\VEX Robotics\VEXcode Pro V5\sdk/vexv5\libv5rt.a(vex_vision.cpp.obj)
                0x03802698                vex::vision::object::object()
                0x03802698                vex::vision::object::object()
 .text._ZN3vex6vision13_clearObjectsEv
                0x038026f0       0x40 C:\Program Files (x86)\VEX Robotics\VEXcode Pro V5\sdk/vexv5\libv5rt.a(vex_vision.cpp.obj)
                0x038026f0                vex::vision::_clearObjects()
 .text._ZN3vex6vision6objectaSERKS1_
                0x03802730       0x74 C:\Program Files (x86)\VEX Robotics\VEXcode Pro V5\sdk/vexv5\libv5rt.a(vex_vision.cpp.obj)
                0x03802730                vex::vision::object::operator=(vex::vision::object const&)
 .text._ZN3vex6vision12takeSnapshotEmm
                0x038027a4       0xf4 C:\Program Files (x86)\VEX Robotics\VEXcode Pro V5\sdk/vexv5\libv5rt.a(vex_vision.cpp.obj)
                0x038027a4                vex::vision::takeSnapshot(unsigned long, unsigned long)
 .text._ZN3vex6vision12takeSnapshotEm
                0x03802898        0x8 C:\Program Files (x86)\VEX Robotics\VEXcode Pro V5\sdk/vexv5\libv5rt.a(vex_vision.cpp.obj)
                0x03802898                vex::vision::takeSnapshot(unsigned long)
 .text._ZN3vex6vision5valueEv
                0x038028a0        0x8 C:\Program Files (x86)\VEX Robotics\VEXcode Pro V5\sdk/vexv5\libv5rt.a(vex_vision.cpp.obj)
                0x038028a0                vex::vision::value()
 .text._ZN3vex6vision12takeSnapshotERNS0_9signatureE
                0x038028a8       0x10 C:\Program Files (x86)\VEX Robotics\VEXcode Pro V5\sdk/vexv5\libv5rt.a(vex_vision.cpp.obj)
                0x038028a8                vex::vision::takeSnapshot(vex::vision::signature&)
 .text._ZN3vex6vision6objectaSEl
                0x038028b8       0x38 C:\Program Files (x86)\VEX Robotics\VEXcode Pro V5\sdk/vexv5\libv5rt.a(vex_vision.cpp.obj)
                0x038028b8                vex::vision::object::operator=(long)
 .text._ZN3vex6visionC2El
                0x038028f0       0xa4 C:\Program Files (x86)\VEX Robotics\VEXcode Pro V5\sdk/vexv5\libv5rt.a(vex_vision.cpp.obj)
                0x038028f0                vex::vision::vision(long)
                0x038028f0                vex::vision::vision(long)
 .text._ZN3vex10controllerD2Ev
                0x03802994        0x4 C:\Program Files (x86)\VEX Robotics\VEXcode Pro V5\sdk/vexv5\libv5rt.a(vex_controller.cpp.obj)
                0x03802994                vex::controller::~controller()
                0x03802994                vex::controller::~controller()
 .text._ZN3vex10controller5valueE19_V5_ControllerIndex
                0x03802998        0x8 C:\Program Files (x86)\VEX Robotics\VEXcode Pro V5\sdk/vexv5\libv5rt.a(vex_controller.cpp.obj)
                0x03802998                vex::controller::value(_V5_ControllerIndex)
 .text._ZNK3vex10controller6button8pressingEv
                0x038029a0       0xc8 C:\Program Files (x86)\VEX Robotics\VEXcode Pro V5\sdk/vexv5\libv5rt.a(vex_controller.cpp.obj)
                0x038029a0                vex::controller::button::pressing() const
 .text._ZNK3vex10controller6button7pressedEPFvvE
                0x03802a68      0x108 C:\Program Files (x86)\VEX Robotics\VEXcode Pro V5\sdk/vexv5\libv5rt.a(vex_controller.cpp.obj)
                0x03802a68                vex::controller::button::pressed(void (*)()) const
 .text._ZNK3vex10controller6button21_buttonToPressedEventEv
                0x03802b70       0x20 C:\Program Files (x86)\VEX Robotics\VEXcode Pro V5\sdk/vexv5\libv5rt.a(vex_controller.cpp.obj)
                0x03802b70                vex::controller::button::_buttonToPressedEvent() const
 .text._ZNK3vex10controller6button22_buttonToReleasedEventEv
                0x03802b90       0x20 C:\Program Files (x86)\VEX Robotics\VEXcode Pro V5\sdk/vexv5\libv5rt.a(vex_controller.cpp.obj)
                0x03802b90                vex::controller::button::_buttonToReleasedEvent() const
 .text._ZN3vex10controller6buttonC2ENS0_11tButtonTypeEPS0_
                0x03802bb0       0x48 C:\Program Files (x86)\VEX Robotics\VEXcode Pro V5\sdk/vexv5\libv5rt.a(vex_controller.cpp.obj)
                0x03802bb0                vex::controller::button::button(vex::controller::tButtonType, vex::controller*)
                0x03802bb0                vex::controller::button::button(vex::controller::tButtonType, vex::controller*)
 .text._ZNK3vex10controller4axis5valueEv
                0x03802bf8       0x58 C:\Program Files (x86)\VEX Robotics\VEXcode Pro V5\sdk/vexv5\libv5rt.a(vex_controller.cpp.obj)
                0x03802bf8                vex::controller::axis::value() const
 .text._ZNK3vex10controller4axis8positionENS_12percentUnitsE
                0x03802c50       0x1c C:\Program Files (x86)\VEX Robotics\VEXcode Pro V5\sdk/vexv5\libv5rt.a(vex_controller.cpp.obj)
                0x03802c50                vex::controller::axis::position(vex::percentUnits) const
 .text._ZNK3vex10controller4axis23_joystickToChangedEventEv
                0x03802c6c       0x20 C:\Program Files (x86)\VEX Robotics\VEXcode Pro V5\sdk/vexv5\libv5rt.a(vex_controller.cpp.obj)
                0x03802c6c                vex::controller::axis::_joystickToChangedEvent() const
 .text._ZN3vex10controller4axisC2ENS0_9tAxisTypeEPS0_
                0x03802c8c       0x2c C:\Program Files (x86)\VEX Robotics\VEXcode Pro V5\sdk/vexv5\libv5rt.a(vex_controller.cpp.obj)
                0x03802c8c                vex::controller::axis::axis(vex::controller::tAxisType, vex::controller*)
                0x03802c8c                vex::controller::axis::axis(vex::controller::tAxisType, vex::controller*)
 .text._ZN3vex10controllerC2ENS_14controllerTypeE
                0x03802cb8      0x16c C:\Program Files (x86)\VEX Robotics\VEXcode Pro V5\sdk/vexv5\libv5rt.a(vex_controller.cpp.obj)
                0x03802cb8                vex::controller::controller(vex::controllerType)
                0x03802cb8                vex::controller::controller(vex::controllerType)
 .text._ZN3vex11this_thread9sleep_forEm
                0x03802e24        0x4 C:\Program Files (x86)\VEX Robotics\VEXcode Pro V5\sdk/vexv5\libv5rt.a(vex_thread.cpp.obj)
                0x03802e24                vex::this_thread::sleep_for(unsigned long)
 .text._ZN3vex5eventC2Ev
                0x03802e28        0xc C:\Program Files (x86)\VEX Robotics\VEXcode Pro V5\sdk/vexv5\libv5rt.a(vex_event.cpp.obj)
                0x03802e28                vex::event::event()
                0x03802e28                vex::event::event()
 .text._ZN3vex5eventD2Ev
                0x03802e34        0x4 C:\Program Files (x86)\VEX Robotics\VEXcode Pro V5\sdk/vexv5\libv5rt.a(vex_event.cpp.obj)
                0x03802e34                vex::event::~event()
                0x03802e34                vex::event::~event()
 .text._ZN3vex5event3setEPFvvE
                0x03802e38       0x54 C:\Program Files (x86)\VEX Robotics\VEXcode Pro V5\sdk/vexv5\libv5rt.a(vex_event.cpp.obj)
                0x03802e38                vex::event::set(void (*)())
 .text._ZN3vex5eventclEPFvvE
                0x03802e8c        0x4 C:\Program Files (x86)\VEX Robotics\VEXcode Pro V5\sdk/vexv5\libv5rt.a(vex_event.cpp.obj)
                0x03802e8c                vex::event::operator()(void (*)())
 .text._ZN3vex5event4initEmmPFvvE
                0x03802e90        0x4 C:\Program Files (x86)\VEX Robotics\VEXcode Pro V5\sdk/vexv5\libv5rt.a(vex_event.cpp.obj)
                0x03802e90                vex::event::init(unsigned long, unsigned long, void (*)())
 .text._ZN3vex5event4initEmmPFvPvES1_
                0x03802e94        0x4 C:\Program Files (x86)\VEX Robotics\VEXcode Pro V5\sdk/vexv5\libv5rt.a(vex_event.cpp.obj)
                0x03802e94                vex::event::init(unsigned long, unsigned long, void (*)(void*), void*)
 .text._ZN3vex5event9userindexEv
                0x03802e98        0x4 C:\Program Files (x86)\VEX Robotics\VEXcode Pro V5\sdk/vexv5\libv5rt.a(vex_event.cpp.obj)
                0x03802e98                vex::event::userindex()
 .text._ZN3vex5event16broadcastAndWaitEl
                0x03802e9c       0x10 C:\Program Files (x86)\VEX Robotics\VEXcode Pro V5\sdk/vexv5\libv5rt.a(vex_event.cpp.obj)
                0x03802e9c                vex::event::broadcastAndWait(long)
 .text._ZZN3vex6meventC4EmmENUlvE_4_FUNEv
                0x03802eac        0x4 C:\Program Files (x86)\VEX Robotics\VEXcode Pro V5\sdk/vexv5\libv5rt.a(vex_mevent.cpp.obj)
 .text._ZN3vex6meventC2Emm
                0x03802eb0       0x70 C:\Program Files (x86)\VEX Robotics\VEXcode Pro V5\sdk/vexv5\libv5rt.a(vex_mevent.cpp.obj)
                0x03802eb0                vex::mevent::mevent(unsigned long, unsigned long)
                0x03802eb0                vex::mevent::mevent(unsigned long, unsigned long)
 .text._ZN3vex5brain9_getIndexEv
                0x03802f20       0x10 C:\Program Files (x86)\VEX Robotics\VEXcode Pro V5\sdk/vexv5\libv5rt.a(vex_brain.cpp.obj)
                0x03802f20                vex::brain::_getIndex()
 .text._ZN3vex5brain3lcd9setCursorEll
                0x03802f30       0x44 C:\Program Files (x86)\VEX Robotics\VEXcode Pro V5\sdk/vexv5\libv5rt.a(vex_brain.cpp.obj)
                0x03802f30                vex::brain::lcd::setCursor(long, long)
 .text._ZN3vex5brain3lcd7setFontENS_8fontTypeE
                0x03802f74      0x23c C:\Program Files (x86)\VEX Robotics\VEXcode Pro V5\sdk/vexv5\libv5rt.a(vex_brain.cpp.obj)
                0x03802f74                vex::brain::lcd::setFont(vex::fontType)
 .text._ZN3vex5brain3lcdC2Ev
                0x038031b0       0x94 C:\Program Files (x86)\VEX Robotics\VEXcode Pro V5\sdk/vexv5\libv5rt.a(vex_brain.cpp.obj)
                0x038031b0                vex::brain::lcd::lcd()
                0x038031b0                vex::brain::lcd::lcd()
 .text._ZN3vex5brainC2Ev
                0x03803244       0x3c C:\Program Files (x86)\VEX Robotics\VEXcode Pro V5\sdk/vexv5\libv5rt.a(vex_brain.cpp.obj)
                0x03803244                vex::brain::brain()
                0x03803244                vex::brain::brain()
 .text._ZN3vex5brain3lcd12_clearScreenEm
                0x03803280       0x38 C:\Program Files (x86)\VEX Robotics\VEXcode Pro V5\sdk/vexv5\libv5rt.a(vex_brain.cpp.obj)
                0x03803280                vex::brain::lcd::_clearScreen(unsigned long)
 .text._ZN3vex5brain3lcd11clearScreenERKNS_5colorE
                0x038032b8       0x20 C:\Program Files (x86)\VEX Robotics\VEXcode Pro V5\sdk/vexv5\libv5rt.a(vex_brain.cpp.obj)
                0x038032b8                vex::brain::lcd::clearScreen(vex::color const&)
 .text._ZN3vex5brain3lcd10rowToPixelEl
                0x038032d8       0x34 C:\Program Files (x86)\VEX Robotics\VEXcode Pro V5\sdk/vexv5\libv5rt.a(vex_brain.cpp.obj)
                0x038032d8                vex::brain::lcd::rowToPixel(long)
 .text._ZN3vex5brain3lcd5printEPKcz
                0x0380330c       0xb8 C:\Program Files (x86)\VEX Robotics\VEXcode Pro V5\sdk/vexv5\libv5rt.a(vex_brain.cpp.obj)
                0x0380330c                vex::brain::lcd::print(char const*, ...)
 .text._ZN3vex5brainD2Ev
                0x038033c4       0x20 C:\Program Files (x86)\VEX Robotics\VEXcode Pro V5\sdk/vexv5\libv5rt.a(vex_brain.cpp.obj)
                0x038033c4                vex::brain::~brain()
                0x038033c4                vex::brain::~brain()
 .text._ZN3vex11competition8_disableEPv
                0x038033e4       0xa4 C:\Program Files (x86)\VEX Robotics\VEXcode Pro V5\sdk/vexv5\libv5rt.a(vex_competition.cpp.obj)
                0x038033e4                vex::competition::_disable(void*)
 .text._ZN3vex11competition11_autonomousEv
                0x03803488       0x80 C:\Program Files (x86)\VEX Robotics\VEXcode Pro V5\sdk/vexv5\libv5rt.a(vex_competition.cpp.obj)
                0x03803488                vex::competition::_autonomous()
 .text._ZN3vex11competition14_drivercontrolEv
                0x03803508       0x80 C:\Program Files (x86)\VEX Robotics\VEXcode Pro V5\sdk/vexv5\libv5rt.a(vex_competition.cpp.obj)
                0x03803508                vex::competition::_drivercontrol()
 .text._ZN3vex11competitionC2Ev
                0x03803588      0x13c C:\Program Files (x86)\VEX Robotics\VEXcode Pro V5\sdk/vexv5\libv5rt.a(vex_competition.cpp.obj)
                0x03803588                vex::competition::competition()
                0x03803588                vex::competition::competition()
 .text._ZN3vex11competitionD2Ev
                0x038036c4        0x4 C:\Program Files (x86)\VEX Robotics\VEXcode Pro V5\sdk/vexv5\libv5rt.a(vex_competition.cpp.obj)
                0x038036c4                vex::competition::~competition()
                0x038036c4                vex::competition::~competition()
 .text._ZN3vex11competition10autonomousEPFvvE
                0x038036c8       0x44 C:\Program Files (x86)\VEX Robotics\VEXcode Pro V5\sdk/vexv5\libv5rt.a(vex_competition.cpp.obj)
                0x038036c8                vex::competition::autonomous(void (*)())
 .text._ZN3vex11competition13drivercontrolEPFvvE
                0x0380370c       0x44 C:\Program Files (x86)\VEX Robotics\VEXcode Pro V5\sdk/vexv5\libv5rt.a(vex_competition.cpp.obj)
                0x0380370c                vex::competition::drivercontrol(void (*)())
 .text._ZN3vex7triportD2Ev
                0x03803750       0x38 C:\Program Files (x86)\VEX Robotics\VEXcode Pro V5\sdk/vexv5\libv5rt.a(vex_triport.cpp.obj)
                0x03803750                vex::triport::~triport()
                0x03803750                vex::triport::~triport()
 .text._ZN3vex7triportD0Ev
                0x03803788       0x1c C:\Program Files (x86)\VEX Robotics\VEXcode Pro V5\sdk/vexv5\libv5rt.a(vex_triport.cpp.obj)
                0x03803788                vex::triport::~triport()
 .text._ZN3vex7triport9installedEv
                0x038037a4       0x18 C:\Program Files (x86)\VEX Robotics\VEXcode Pro V5\sdk/vexv5\libv5rt.a(vex_triport.cpp.obj)
                0x038037a4                vex::triport::installed()
 .text._ZN3vex7triport4portC2ElPS0_
                0x038037bc       0x74 C:\Program Files (x86)\VEX Robotics\VEXcode Pro V5\sdk/vexv5\libv5rt.a(vex_triport.cpp.obj)
                0x038037bc                vex::triport::port::port(long, vex::triport*)
                0x038037bc                vex::triport::port::port(long, vex::triport*)
 .text._ZN3vex7triportC2El
                0x03803830       0xf0 C:\Program Files (x86)\VEX Robotics\VEXcode Pro V5\sdk/vexv5\libv5rt.a(vex_triport.cpp.obj)
                0x03803830                vex::triport::triport(long)
                0x03803830                vex::triport::triport(long)
 .text._ZN3vex7triport4port4typeENS_11triportTypeE
                0x03803920       0x30 C:\Program Files (x86)\VEX Robotics\VEXcode Pro V5\sdk/vexv5\libv5rt.a(vex_triport.cpp.obj)
                0x03803920                vex::triport::port::type(vex::triportType)
 .text._ZN3vex7triport4port4typeEv
                0x03803950       0x38 C:\Program Files (x86)\VEX Robotics\VEXcode Pro V5\sdk/vexv5\libv5rt.a(vex_triport.cpp.obj)
                0x03803950                vex::triport::port::type()
 .text._ZN3vex7triport4port5valueEl
                0x03803988       0x18 C:\Program Files (x86)\VEX Robotics\VEXcode Pro V5\sdk/vexv5\libv5rt.a(vex_triport.cpp.obj)
                0x03803988                vex::triport::port::value(long)
 .text._ZN3vex11__trideviceC2ERNS_7triport4portENS_11triportTypeE
                0x038039a0       0x5c C:\Program Files (x86)\VEX Robotics\VEXcode Pro V5\sdk/vexv5\libv5rt.a(vex_triport.cpp.obj)
                0x038039a0                vex::__tridevice::__tridevice(vex::triport::port&, vex::triportType)
                0x038039a0                vex::__tridevice::__tridevice(vex::triport::port&, vex::triportType)
 .text._ZN3vex10digital_inC2ERNS_7triport4portE
                0x038039fc       0x28 C:\Program Files (x86)\VEX Robotics\VEXcode Pro V5\sdk/vexv5\libv5rt.a(vex_triport.cpp.obj)
                0x038039fc                vex::digital_in::digital_in(vex::triport::port&)
                0x038039fc                vex::digital_in::digital_in(vex::triport::port&)
 .text._ZN3vex10digital_inD2Ev
                0x03803a24        0x4 C:\Program Files (x86)\VEX Robotics\VEXcode Pro V5\sdk/vexv5\libv5rt.a(vex_triport.cpp.obj)
                0x03803a24                vex::digital_in::~digital_in()
                0x03803a24                vex::digital_in::~digital_in()
 .text._ZN3vex11digital_outC2ERNS_7triport4portE
                0x03803a28       0x18 C:\Program Files (x86)\VEX Robotics\VEXcode Pro V5\sdk/vexv5\libv5rt.a(vex_triport.cpp.obj)
                0x03803a28                vex::digital_out::digital_out(vex::triport::port&)
                0x03803a28                vex::digital_out::digital_out(vex::triport::port&)
 .text._ZN3vex11digital_outD2Ev
                0x03803a40        0x4 C:\Program Files (x86)\VEX Robotics\VEXcode Pro V5\sdk/vexv5\libv5rt.a(vex_triport.cpp.obj)
                0x03803a40                vex::digital_out::~digital_out()
                0x03803a40                vex::digital_out::~digital_out()
 .text._ZN3vex11digital_out3setEb
                0x03803a44        0x8 C:\Program Files (x86)\VEX Robotics\VEXcode Pro V5\sdk/vexv5\libv5rt.a(vex_triport.cpp.obj)
                0x03803a44                vex::digital_out::set(bool)
 .text._ZN3vex11digital_outaSEl
                0x03803a4c        0xc C:\Program Files (x86)\VEX Robotics\VEXcode Pro V5\sdk/vexv5\libv5rt.a(vex_triport.cpp.obj)
                0x03803a4c                vex::digital_out::operator=(long)
 .text._ZN3vex5colorD2Ev
                0x03803a58        0x4 C:\Program Files (x86)\VEX Robotics\VEXcode Pro V5\sdk/vexv5\libv5rt.a(vex_color.cpp.obj)
                0x03803a58                vex::color::~color()
                0x03803a58                vex::color::~color()
 .text._ZNK3vex5colorcvmEv
                0x03803a5c        0x8 C:\Program Files (x86)\VEX Robotics\VEXcode Pro V5\sdk/vexv5\libv5rt.a(vex_color.cpp.obj)
                0x03803a5c                vex::color::operator unsigned long() const
 .text.startup._GLOBAL__sub_I__ZN3vex5color5blackE
                0x03803a64      0x164 C:\Program Files (x86)\VEX Robotics\VEXcode Pro V5\sdk/vexv5\libv5rt.a(vex_color.cpp.obj)
 .text._ZN3vex5timerD2Ev
                0x03803bc8        0x4 C:\Program Files (x86)\VEX Robotics\VEXcode Pro V5\sdk/vexv5\libv5rt.a(vex_timer.cpp.obj)
                0x03803bc8                vex::timer::~timer()
                0x03803bc8                vex::timer::~timer()
 .text._ZN3vex5timer5clearEv
                0x03803bcc       0x1c C:\Program Files (x86)\VEX Robotics\VEXcode Pro V5\sdk/vexv5\libv5rt.a(vex_timer.cpp.obj)
                0x03803bcc                vex::timer::clear()
 .text._ZN3vex5timerC2Ev
                0x03803be8       0x14 C:\Program Files (x86)\VEX Robotics\VEXcode Pro V5\sdk/vexv5\libv5rt.a(vex_timer.cpp.obj)
                0x03803be8                vex::timer::timer()
                0x03803be8                vex::timer::timer()
 .text._ZN3vex11motor_group18motor_group_motorsC2Ev
                0x03803bfc       0x28 C:\Program Files (x86)\VEX Robotics\VEXcode Pro V5\sdk/vexv5\libv5rt.a(vex_motorgroup.cpp.obj)
                0x03803bfc                vex::motor_group::motor_group_motors::motor_group_motors()
                0x03803bfc                vex::motor_group::motor_group_motors::motor_group_motors()
 .text._ZN3vex11motor_groupC2Ev
                0x03803c24       0x1c C:\Program Files (x86)\VEX Robotics\VEXcode Pro V5\sdk/vexv5\libv5rt.a(vex_motorgroup.cpp.obj)
                0x03803c24                vex::motor_group::motor_group()
                0x03803c24                vex::motor_group::motor_group()
 .text._ZN3vex11motor_groupD2Ev
                0x03803c40        0x4 C:\Program Files (x86)\VEX Robotics\VEXcode Pro V5\sdk/vexv5\libv5rt.a(vex_motorgroup.cpp.obj)
                0x03803c40                vex::motor_group::~motor_group()
                0x03803c40                vex::motor_group::~motor_group()
 .text._ZN3vex11motor_group9_addMotorERNS_5motorE
                0x03803c44       0x20 C:\Program Files (x86)\VEX Robotics\VEXcode Pro V5\sdk/vexv5\libv5rt.a(vex_motorgroup.cpp.obj)
                0x03803c44                vex::motor_group::_addMotor(vex::motor&)
 .text._ZN3vex11motor_group11setVelocityEdNS_13velocityUnitsE
                0x03803c64       0x4c C:\Program Files (x86)\VEX Robotics\VEXcode Pro V5\sdk/vexv5\libv5rt.a(vex_motorgroup.cpp.obj)
                0x03803c64                vex::motor_group::setVelocity(double, vex::velocityUnits)
 .text._ZN3vex11motor_group4spinENS_13directionTypeE
                0x03803cb0       0x38 C:\Program Files (x86)\VEX Robotics\VEXcode Pro V5\sdk/vexv5\libv5rt.a(vex_motorgroup.cpp.obj)
                0x03803cb0                vex::motor_group::spin(vex::directionType)
 .text._ZN3vex11motor_group10isSpinningEv
                0x03803ce8       0x40 C:\Program Files (x86)\VEX Robotics\VEXcode Pro V5\sdk/vexv5\libv5rt.a(vex_motorgroup.cpp.obj)
                0x03803ce8                vex::motor_group::isSpinning()
 .text._ZN3vex11motor_group6isDoneEv
                0x03803d28       0x14 C:\Program Files (x86)\VEX Robotics\VEXcode Pro V5\sdk/vexv5\libv5rt.a(vex_motorgroup.cpp.obj)
                0x03803d28                vex::motor_group::isDone()
 .text._ZN3vex11motor_group4stopEv
                0x03803d3c       0x30 C:\Program Files (x86)\VEX Robotics\VEXcode Pro V5\sdk/vexv5\libv5rt.a(vex_motorgroup.cpp.obj)
                0x03803d3c                vex::motor_group::stop()
 .text._ZN3vex11motor_group20waitForCompletionAllEv
                0x03803d6c       0x60 C:\Program Files (x86)\VEX Robotics\VEXcode Pro V5\sdk/vexv5\libv5rt.a(vex_motorgroup.cpp.obj)
                0x03803d6c                vex::motor_group::waitForCompletionAll()
 .text._ZN3vex11motor_group9rotateForENS_13directionTypeEdNS_13rotationUnitsEb
                0x03803dcc       0x80 C:\Program Files (x86)\VEX Robotics\VEXcode Pro V5\sdk/vexv5\libv5rt.a(vex_motorgroup.cpp.obj)
                0x03803dcc                vex::motor_group::rotateFor(vex::directionType, double, vex::rotationUnits, bool)
 .text._ZN3vex11motor_group7spinForENS_13directionTypeEdNS_13rotationUnitsEb
                0x03803e4c        0xc C:\Program Files (x86)\VEX Robotics\VEXcode Pro V5\sdk/vexv5\libv5rt.a(vex_motorgroup.cpp.obj)
                0x03803e4c                vex::motor_group::spinFor(vex::directionType, double, vex::rotationUnits, bool)
 .text.vexAdiPortConfigSet
                0x03803e58       0x28 C:\Program Files (x86)\VEX Robotics\VEXcode Pro V5\sdk/vexv5\libv5rt.a(v5_apiuser.c.obj)
                0x03803e58                vexAdiPortConfigSet
 .text.vexAdiPortConfigGet
                0x03803e80       0x28 C:\Program Files (x86)\VEX Robotics\VEXcode Pro V5\sdk/vexv5\libv5rt.a(v5_apiuser.c.obj)
                0x03803e80                vexAdiPortConfigGet
 .text.vexAdiValueSet
                0x03803ea8       0x28 C:\Program Files (x86)\VEX Robotics\VEXcode Pro V5\sdk/vexv5\libv5rt.a(v5_apiuser.c.obj)
                0x03803ea8                vexAdiValueSet
 .text.vexMotorVelocitySet
                0x03803ed0       0x20 C:\Program Files (x86)\VEX Robotics\VEXcode Pro V5\sdk/vexv5\libv5rt.a(v5_apiuser.c.obj)
                0x03803ed0                vexMotorVelocitySet
 .text.vexMotorVelocityGet
                0x03803ef0       0x18 C:\Program Files (x86)\VEX Robotics\VEXcode Pro V5\sdk/vexv5\libv5rt.a(v5_apiuser.c.obj)
                0x03803ef0                vexMotorVelocityGet
 .text.vexMotorActualVelocityGet
                0x03803f08       0x24 C:\Program Files (x86)\VEX Robotics\VEXcode Pro V5\sdk/vexv5\libv5rt.a(v5_apiuser.c.obj)
                0x03803f08                vexMotorActualVelocityGet
 .text.vexMotorModeGet
                0x03803f2c       0x18 C:\Program Files (x86)\VEX Robotics\VEXcode Pro V5\sdk/vexv5\libv5rt.a(v5_apiuser.c.obj)
                0x03803f2c                vexMotorModeGet
 .text.vexMotorZeroPositionFlagGet
                0x03803f44       0x18 C:\Program Files (x86)\VEX Robotics\VEXcode Pro V5\sdk/vexv5\libv5rt.a(v5_apiuser.c.obj)
                0x03803f44                vexMotorZeroPositionFlagGet
 .text.vexMotorReverseFlagSet
                0x03803f5c       0x20 C:\Program Files (x86)\VEX Robotics\VEXcode Pro V5\sdk/vexv5\libv5rt.a(v5_apiuser.c.obj)
                0x03803f5c                vexMotorReverseFlagSet
 .text.vexMotorEncoderUnitsSet
                0x03803f7c       0x20 C:\Program Files (x86)\VEX Robotics\VEXcode Pro V5\sdk/vexv5\libv5rt.a(v5_apiuser.c.obj)
                0x03803f7c                vexMotorEncoderUnitsSet
 .text.vexMotorBrakeModeSet
                0x03803f9c       0x20 C:\Program Files (x86)\VEX Robotics\VEXcode Pro V5\sdk/vexv5\libv5rt.a(v5_apiuser.c.obj)
                0x03803f9c                vexMotorBrakeModeSet
 .text.vexMotorPositionSet
                0x03803fbc       0x28 C:\Program Files (x86)\VEX Robotics\VEXcode Pro V5\sdk/vexv5\libv5rt.a(v5_apiuser.c.obj)
                0x03803fbc                vexMotorPositionSet
 .text.vexMotorRelativeTargetSet
                0x03803fe4       0x30 C:\Program Files (x86)\VEX Robotics\VEXcode Pro V5\sdk/vexv5\libv5rt.a(v5_apiuser.c.obj)
                0x03803fe4                vexMotorRelativeTargetSet
 .text.vexMotorGearingSet
                0x03804014       0x20 C:\Program Files (x86)\VEX Robotics\VEXcode Pro V5\sdk/vexv5\libv5rt.a(v5_apiuser.c.obj)
                0x03804014                vexMotorGearingSet
 .text.vexMotorGearingGet
                0x03804034       0x18 C:\Program Files (x86)\VEX Robotics\VEXcode Pro V5\sdk/vexv5\libv5rt.a(v5_apiuser.c.obj)
                0x03804034                vexMotorGearingGet
 .text.vexVisionModeSet
                0x0380404c       0x20 C:\Program Files (x86)\VEX Robotics\VEXcode Pro V5\sdk/vexv5\libv5rt.a(v5_apiuser.c.obj)
                0x0380404c                vexVisionModeSet
 .text.vexVisionObjectCountGet
                0x0380406c       0x18 C:\Program Files (x86)\VEX Robotics\VEXcode Pro V5\sdk/vexv5\libv5rt.a(v5_apiuser.c.obj)
                0x0380406c                vexVisionObjectCountGet
 .text.vexVisionObjectGet
                0x03804084       0x28 C:\Program Files (x86)\VEX Robotics\VEXcode Pro V5\sdk/vexv5\libv5rt.a(v5_apiuser.c.obj)
                0x03804084                vexVisionObjectGet
 .text.vexVisionSignatureSet
                0x038040ac       0x20 C:\Program Files (x86)\VEX Robotics\VEXcode Pro V5\sdk/vexv5\libv5rt.a(v5_apiuser.c.obj)
                0x038040ac                vexVisionSignatureSet
 .text.vexVisionBrightnessSet
                0x038040cc       0x20 C:\Program Files (x86)\VEX Robotics\VEXcode Pro V5\sdk/vexv5\libv5rt.a(v5_apiuser.c.obj)
                0x038040cc                vexVisionBrightnessSet
 .text.vexVisionLedModeSet
                0x038040ec       0x20 C:\Program Files (x86)\VEX Robotics\VEXcode Pro V5\sdk/vexv5\libv5rt.a(v5_apiuser.c.obj)
                0x038040ec                vexVisionLedModeSet
 .text.vexVisionLedColorSet
                0x0380410c       0x2c C:\Program Files (x86)\VEX Robotics\VEXcode Pro V5\sdk/vexv5\libv5rt.a(v5_apiuser.c.obj)
                0x0380410c                vexVisionLedColorSet
 .text.vexEventMaskSet
                0x03804138       0x28 C:\Program Files (x86)\VEX Robotics\VEXcode Pro V5\sdk/vexv5\libv5rt.a(v5_apiuser.c.obj)
                0x03804138                vexEventMaskSet
 .text.vexEventMaskGet
                0x03804160       0x18 C:\Program Files (x86)\VEX Robotics\VEXcode Pro V5\sdk/vexv5\libv5rt.a(v5_apiuser.c.obj)
                0x03804160                vexEventMaskGet
 .text._ZN3vex6deviceD2Ev
                0x03804178        0x4 C:\Program Files (x86)\VEX Robotics\VEXcode Pro V5\sdk/vexv5\libv5rt.a(vex_device.cpp.obj)
                0x03804178                vex::device::~device()
                0x03804178                vex::device::~device()
 .text._ZN3vex6device5valueEv
                0x0380417c        0x8 C:\Program Files (x86)\VEX Robotics\VEXcode Pro V5\sdk/vexv5\libv5rt.a(vex_device.cpp.obj)
                0x0380417c                vex::device::value()
 .text._ZN3vex6deviceD0Ev
                0x03804184       0x14 C:\Program Files (x86)\VEX Robotics\VEXcode Pro V5\sdk/vexv5\libv5rt.a(vex_device.cpp.obj)
                0x03804184                vex::device::~device()
 .text._ZN3vex6device4initEl
                0x03804198       0x30 C:\Program Files (x86)\VEX Robotics\VEXcode Pro V5\sdk/vexv5\libv5rt.a(vex_device.cpp.obj)
                0x03804198                vex::device::init(long)
 .text._ZN3vex6deviceC2El
                0x038041c8       0x20 C:\Program Files (x86)\VEX Robotics\VEXcode Pro V5\sdk/vexv5\libv5rt.a(vex_device.cpp.obj)
                0x038041c8                vex::device::device(long)
                0x038041c8                vex::device::device(long)
 .text._ZN3vex6device4typeEv
                0x038041e8       0x10 C:\Program Files (x86)\VEX Robotics\VEXcode Pro V5\sdk/vexv5\libv5rt.a(vex_device.cpp.obj)
                0x038041e8                vex::device::type()
 .text._ZN3vex6device9installedEv
                0x038041f8       0x14 C:\Program Files (x86)\VEX Robotics\VEXcode Pro V5\sdk/vexv5\libv5rt.a(vex_device.cpp.obj)
                0x038041f8                vex::device::installed()
 .text._ZN3vex4taskC2EPFivE
                0x0380420c       0x5c C:\Program Files (x86)\VEX Robotics\VEXcode Pro V5\sdk/vexv5\libv5rt.a(vex_task.cpp.obj)
                0x0380420c                vex::task::task(int (*)())
                0x0380420c                vex::task::task(int (*)())
 .text._ZN3vex4taskD2Ev
                0x03804268        0x4 C:\Program Files (x86)\VEX Robotics\VEXcode Pro V5\sdk/vexv5\libv5rt.a(vex_task.cpp.obj)
                0x03804268                vex::task::~task()
                0x03804268                vex::task::~task()
 .text._ZN3vex4task4stopEPvi
                0x0380426c       0x1c C:\Program Files (x86)\VEX Robotics\VEXcode Pro V5\sdk/vexv5\libv5rt.a(vex_task.cpp.obj)
                0x0380426c                vex::task::stop(void*, int)
 .text._ZN3vex4task6_indexEPFivE
                0x03804288       0x14 C:\Program Files (x86)\VEX Robotics\VEXcode Pro V5\sdk/vexv5\libv5rt.a(vex_task.cpp.obj)
                0x03804288                vex::task::_index(int (*)())
 .text._ZN3vex4task8_stopAllEv
                0x0380429c       0x3c C:\Program Files (x86)\VEX Robotics\VEXcode Pro V5\sdk/vexv5\libv5rt.a(vex_task.cpp.obj)
                0x0380429c                vex::task::_stopAll()
 .text.__libc_fini_array
                0x038042d8       0x30 C:\Program Files (x86)\VEX Robotics\VEXcode Pro V5\sdk/vexv5/gcc/libs\libc.a(lib_a-fini.o)
                0x038042d8                __libc_fini_array
 .text.__libc_init_array
                0x03804308       0x58 C:\Program Files (x86)\VEX Robotics\VEXcode Pro V5\sdk/vexv5/gcc/libs\libc.a(lib_a-init.o)
                0x03804308                __libc_init_array
 .text.__libc_init_array.__stub
                0x03804360       0x18 linker stubs
 *(.gnu.linkonce.t.*)
 *(.plt)
 *(.gnu_warning)
 *(.gcc_except_table)
 *(.glue_7)
 .glue_7        0x00000000        0x0 linker stubs
 *(.glue_7t)
 .glue_7t       0x00000000        0x0 linker stubs
 *(.vfp11_veneer)
 .vfp11_veneer  0x00000000        0x0 linker stubs
 *(.ARM.extab)
 *(.gnu.linkonce.armextab.*)

.v4_bx          0x03804378        0x0
 .v4_bx         0x00000000        0x0 linker stubs

.iplt           0x03804378        0x0
 .iplt          0x00000000        0x0 build/src/main.o

.init
 *(.init)

.fini
 *(.fini)

.rodata         0x03804378      0x178
                0x03804378                __rodata_start = .
 *(.rodata)
 *(.rodata.*)
 .rodata.str1.1
                0x03804378       0x1f build/src/main.o
 .rodata.str1.1
                0x03804397       0x2e C:\Program Files (x86)\VEX Robotics\VEXcode Pro V5\sdk/vexv5\libv5rt.a(v5_startup.c.obj)
 *fill*         0x038043c5        0x3 
 .rodata._ZN3vex7reverseE
                0x038043c8        0x4 C:\Program Files (x86)\VEX Robotics\VEXcode Pro V5\sdk/vexv5\libv5rt.a(vex_global.cpp.obj)
                0x038043c8                vex::reverse
 .rodata._ZN3vex6PORT10E
                0x038043cc        0x4 C:\Program Files (x86)\VEX Robotics\VEXcode Pro V5\sdk/vexv5\libv5rt.a(vex_global.cpp.obj)
                0x038043cc                vex::PORT10
 .rodata._ZN3vex5PORT5E
                0x038043d0        0x4 C:\Program Files (x86)\VEX Robotics\VEXcode Pro V5\sdk/vexv5\libv5rt.a(vex_global.cpp.obj)
                0x038043d0                vex::PORT5
 .rodata._ZN3vex7forwardE
                0x038043d4        0x4 C:\Program Files (x86)\VEX Robotics\VEXcode Pro V5\sdk/vexv5\libv5rt.a(vex_global.cpp.obj)
                0x038043d4                vex::forward
 .rodata._ZN3vex6PORT14E
                0x038043d8        0x4 C:\Program Files (x86)\VEX Robotics\VEXcode Pro V5\sdk/vexv5\libv5rt.a(vex_global.cpp.obj)
                0x038043d8                vex::PORT14
 .rodata._ZN3vex4msecE
                0x038043dc        0x4 C:\Program Files (x86)\VEX Robotics\VEXcode Pro V5\sdk/vexv5\libv5rt.a(vex_global.cpp.obj)
                0x038043dc                vex::msec
 .rodata._ZN3vex6PORT18E
                0x038043e0        0x4 C:\Program Files (x86)\VEX Robotics\VEXcode Pro V5\sdk/vexv5\libv5rt.a(vex_global.cpp.obj)
                0x038043e0                vex::PORT18
 .rodata._ZN3vex6PORT11E
                0x038043e4        0x4 C:\Program Files (x86)\VEX Robotics\VEXcode Pro V5\sdk/vexv5\libv5rt.a(vex_global.cpp.obj)
                0x038043e4                vex::PORT11
 .rodata._ZN3vex7primaryE
                0x038043e8        0x4 C:\Program Files (x86)\VEX Robotics\VEXcode Pro V5\sdk/vexv5\libv5rt.a(vex_global.cpp.obj)
                0x038043e8                vex::primary
 .rodata._ZN3vex7percentE
                0x038043ec        0x4 C:\Program Files (x86)\VEX Robotics\VEXcode Pro V5\sdk/vexv5\libv5rt.a(vex_global.cpp.obj)
                0x038043ec                vex::percent
 .rodata._ZN3vex6PORT22E
                0x038043f0        0x4 C:\Program Files (x86)\VEX Robotics\VEXcode Pro V5\sdk/vexv5\libv5rt.a(vex_global.cpp.obj)
                0x038043f0                vex::PORT22
 .rodata._ZN3vex6PORT16E
                0x038043f4        0x4 C:\Program Files (x86)\VEX Robotics\VEXcode Pro V5\sdk/vexv5\libv5rt.a(vex_global.cpp.obj)
                0x038043f4                vex::PORT16
 .rodata._ZN3vex8ratio6_1E
                0x038043f8        0x4 C:\Program Files (x86)\VEX Robotics\VEXcode Pro V5\sdk/vexv5\libv5rt.a(vex_global.cpp.obj)
                0x038043f8                vex::ratio6_1
 .rodata._ZN3vex6PORT13E
                0x038043fc        0x4 C:\Program Files (x86)\VEX Robotics\VEXcode Pro V5\sdk/vexv5\libv5rt.a(vex_global.cpp.obj)
                0x038043fc                vex::PORT13
 .rodata._ZN3vex5PORT8E
                0x03804400        0x4 C:\Program Files (x86)\VEX Robotics\VEXcode Pro V5\sdk/vexv5\libv5rt.a(vex_global.cpp.obj)
                0x03804400                vex::PORT8
 .rodata._ZN3vex9ratio18_1E
                0x03804404        0x4 C:\Program Files (x86)\VEX Robotics\VEXcode Pro V5\sdk/vexv5\libv5rt.a(vex_global.cpp.obj)
                0x03804404                vex::ratio18_1
 .rodata._ZN3vex6PORT17E
                0x03804408        0x4 C:\Program Files (x86)\VEX Robotics\VEXcode Pro V5\sdk/vexv5\libv5rt.a(vex_global.cpp.obj)
                0x03804408                vex::PORT17
 *fill*         0x0380440c        0x4 
 .rodata._ZTVN3vex5motorE
                0x03804410       0x18 C:\Program Files (x86)\VEX Robotics\VEXcode Pro V5\sdk/vexv5\libv5rt.a(vex_motor.cpp.obj)
                0x03804410                vtable for vex::motor
 .rodata._ZTVN3vex6visionE
                0x03804428       0x18 C:\Program Files (x86)\VEX Robotics\VEXcode Pro V5\sdk/vexv5\libv5rt.a(vex_vision.cpp.obj)
                0x03804428                vtable for vex::vision
 .rodata.CSWTCH.16
                0x03804440        0xb C:\Program Files (x86)\VEX Robotics\VEXcode Pro V5\sdk/vexv5\libv5rt.a(vex_controller.cpp.obj)
 .rodata.CSWTCH.18
                0x0380444b        0xb C:\Program Files (x86)\VEX Robotics\VEXcode Pro V5\sdk/vexv5\libv5rt.a(vex_controller.cpp.obj)
 .rodata.CSWTCH.24
                0x03804456        0x3 C:\Program Files (x86)\VEX Robotics\VEXcode Pro V5\sdk/vexv5\libv5rt.a(vex_controller.cpp.obj)
 .rodata.str1.1
                0x03804459       0x2d C:\Program Files (x86)\VEX Robotics\VEXcode Pro V5\sdk/vexv5\libv5rt.a(vex_brain.cpp.obj)
 .rodata.CSWTCH.36
                0x03804486       0x10 C:\Program Files (x86)\VEX Robotics\VEXcode Pro V5\sdk/vexv5\libv5rt.a(vex_triport.cpp.obj)
 *fill*         0x03804496        0x2 
 .rodata._ZTVN3vex7triportE
                0x03804498       0x18 C:\Program Files (x86)\VEX Robotics\VEXcode Pro V5\sdk/vexv5\libv5rt.a(vex_triport.cpp.obj)
                0x03804498                vtable for vex::triport
 .rodata.CSWTCH.31
                0x038044b0        0xe C:\Program Files (x86)\VEX Robotics\VEXcode Pro V5\sdk/vexv5\libv5rt.a(vex_triport.cpp.obj)
 *fill*         0x038044be        0x2 
 .rodata._ZTVN3vex6deviceE
                0x038044c0       0x18 C:\Program Files (x86)\VEX Robotics\VEXcode Pro V5\sdk/vexv5\libv5rt.a(vex_device.cpp.obj)
                0x038044c0                vtable for vex::device
 .rodata.str1.1
                0x038044d8       0x14 C:\Program Files (x86)\VEX Robotics\VEXcode Pro V5\sdk/vexv5\libv5rt.a(vex_task.cpp.obj)
 .rodata.str1.4
                0x038044ec        0x4 C:\Program Files (x86)\VEX Robotics\VEXcode Pro V5\sdk/vexv5/gcc/libs\libc.a(lib_a-impure.o)
                                  0x2 (size before relaxing)
 *(.gnu.linkonce.r.*)
                0x038044f0                __rodata_end = .

.rodata1        0x038044f0        0x0
                0x038044f0                __rodata1_start = .
 *(.rodata1)
 *(.rodata1.*)
                0x038044f0                __rodata1_end = .

.sdata2         0x038044f0        0x0
                0x038044f0                __sdata2_start = .
 *(.sdata2)
 *(.sdata2.*)
 *(.gnu.linkonce.s2.*)
                0x038044f0                __sdata2_end = .

.sbss2          0x038044f0        0x0
                0x038044f0                __sbss2_start = .
 *(.sbss2)
 *(.sbss2.*)
 *(.gnu.linkonce.sb2.*)
                0x038044f0                __sbss2_end = .

.data           0x038044f0      0x44c
                0x038044f0                __data_start = .
 *(.data)
 *(.data.*)
 .data.DrivetrainLNeedsToBeStopped_Controller1
                0x038044f0        0x1 build/src/main.o
                0x038044f0                DrivetrainLNeedsToBeStopped_Controller1
 .data.DrivetrainRNeedsToBeStopped_Controller1
                0x038044f1        0x1 build/src/main.o
                0x038044f1                DrivetrainRNeedsToBeStopped_Controller1
 *fill*         0x038044f2        0x2 
 .data.speedMultiplier
                0x038044f4        0x4 build/src/main.o
                0x038044f4                speedMultiplier
 .data.visionCountdown
                0x038044f8        0x4 build/src/main.o
                0x038044f8                visionCountdown
 .data.appRunning
                0x038044fc        0x4 C:\Program Files (x86)\VEX Robotics\VEXcode Pro V5\sdk/vexv5\libv5rt.a(v5_startup.c.obj)
                0x038044fc                appRunning
 .data.__yoff   0x03804500        0x4 C:\Program Files (x86)\VEX Robotics\VEXcode Pro V5\sdk/vexv5\libv5rt.a(v5_apijump.c.obj)
 .data._ZN3vex24__default_motor_velocityE
                0x03804504        0x4 C:\Program Files (x86)\VEX Robotics\VEXcode Pro V5\sdk/vexv5\libv5rt.a(vex_motor.cpp.obj)
                0x03804504                vex::__default_motor_velocity
 .data._ZN3vex5event12_usereventidE
                0x03804508        0x4 C:\Program Files (x86)\VEX Robotics\VEXcode Pro V5\sdk/vexv5\libv5rt.a(vex_event.cpp.obj)
                0x03804508                vex::event::_usereventid
 *fill*         0x0380450c        0x4 
 .data.impure_data
                0x03804510      0x428 C:\Program Files (x86)\VEX Robotics\VEXcode Pro V5\sdk/vexv5/gcc/libs\libc.a(lib_a-impure.o)
 .data._impure_ptr
                0x03804938        0x4 C:\Program Files (x86)\VEX Robotics\VEXcode Pro V5\sdk/vexv5/gcc/libs\libc.a(lib_a-impure.o)
                0x03804938                _impure_ptr
 *(.gnu.linkonce.d.*)
 *(.jcr)
 *(.got)
 *(.got.plt)
                0x0380493c                __data_end = .

.igot.plt       0x0380493c        0x0
 .igot.plt      0x00000000        0x0 build/src/main.o

.data1          0x0380493c        0x0
                0x0380493c                __data1_start = .
 *(.data1)
 *(.data1.*)
                0x0380493c                __data1_end = .

.got
 *(.got)

.ctors          0x0380493c        0x0
                0x0380493c                __CTOR_LIST__ = .
                0x0380493c                ___CTORS_LIST___ = .
 *crtbegin.o(.ctors)
 *(EXCLUDE_FILE(*crtend.o) .ctors)
 *(SORT(.ctors.*))
 *(.ctors)
                0x0380493c                __CTOR_END__ = .
                0x0380493c                ___CTORS_END___ = .

.dtors          0x0380493c        0x0
                0x0380493c                __DTOR_LIST__ = .
                0x0380493c                ___DTORS_LIST___ = .
 *crtbegin.o(.dtors)
 *(EXCLUDE_FILE(*crtend.o) .dtors)
 *(SORT(.dtors.*))
 *(.dtors)
                0x0380493c                __DTOR_END__ = .
                0x0380493c                ___DTORS_END___ = .

.fixup          0x0380493c        0x0
                0x0380493c                __fixup_start = .
 *(.fixup)
                0x0380493c                __fixup_end = .

.eh_frame
 *(.eh_frame)

.eh_framehdr    0x0380493c        0x0
                0x0380493c                __eh_framehdr_start = .
 *(.eh_framehdr)
                0x0380493c                __eh_framehdr_end = .

.gcc_except_table
 *(.gcc_except_table)

.mmu_tbl        0x03808000        0x0
                0x03808000                __mmu_tbl_start = .
 *(.mmu_tbl)
                0x03808000                __mmu_tbl_end = .

.ARM.exidx      0x0380493c        0x8
                0x0380493c                __exidx_start = .
 *(.ARM.exidx*)
 .ARM.exidx.text._ZN3vex11motor_groupC2IJNS_5motorES2_EEERS2_DpRT_
                0x0380493c        0x8 build/src/main.o
 .ARM.exidx.text._ZN3vex6visionC2IJNS0_9signatureES2_S2_S2_S2_S2_EEElhDpRT_
                0x03804944        0x0 build/src/main.o
                                  0x8 (size before relaxing)
 .ARM.exidx.text._Z20ToggleDriveDirectionv
                0x03804944        0x0 build/src/main.o
                                  0x8 (size before relaxing)
 .ARM.exidx.text._Z12ToggleIntakev
                0x03804944        0x0 build/src/main.o
                                  0x8 (size before relaxing)
 .ARM.exidx.text._Z14hasRedCallbackv
                0x03804944        0x0 build/src/main.o
                                  0x8 (size before relaxing)
 .ARM.exidx.text._Z9TurnRighti
                0x03804944        0x0 build/src/main.o
                                  0x8 (size before relaxing)
 .ARM.exidx.text._Z8TurnLefti
                0x03804944        0x0 build/src/main.o
                                  0x8 (size before relaxing)
 .ARM.exidx.text._Z9pre_autonv
                0x03804944        0x0 build/src/main.o
                                  0x8 (size before relaxing)
 .ARM.exidx.text._ZN3vex5brain3lcd5printINS_5colorEEEvT_
                0x03804944        0x0 build/src/main.o
                                  0x8 (size before relaxing)
 .ARM.exidx.text._Z10autonomousv
                0x03804944        0x0 build/src/main.o
                                  0x8 (size before relaxing)
 .ARM.exidx.text._Z11usercontrolv
                0x03804944        0x0 build/src/main.o
                                  0x8 (size before relaxing)
 .ARM.exidx.text.main
                0x03804944        0x0 build/src/main.o
                                  0x8 (size before relaxing)
 .ARM.exidx.text._ZN3vex6vision7_setsigINS0_9signatureEJS2_S2_S2_S2_EEEvRT_DpRT0_
                0x03804944        0x0 build/src/main.o
                                  0x8 (size before relaxing)
 .ARM.exidx.text._ZN3vex11motor_group9_addMotorIJNS_5motorES2_S2_S2_EEEvRS2_DpRT_
                0x03804944        0x0 build/src/main.o
                                  0x8 (size before relaxing)
 .ARM.exidx.text._GLOBAL__sub_I_main.cpp
                0x03804944        0x0 build/src/main.o
                                  0x8 (size before relaxing)
 .ARM.exidx.text._Z11vexcodeInitv
                0x03804944        0x0 build/src/robot-config.o
                                  0x8 (size before relaxing)
 *(.gnu.linkonce.armexidix.*.*)
                0x03804944                __exidx_end = .

.rel.dyn        0x03804944        0x0
 .rel.iplt      0x00000000        0x0 build/src/main.o

.preinit_array  0x03804944        0x0
                0x03804944                __preinit_array_start = .
 *(SORT(.preinit_array.*))
 *(.preinit_array)
                0x03804944                __preinit_array_end = .

.init_array     0x03804944        0x8
                0x03804944                __init_array_start = .
 *(SORT(.init_array.*))
 *(.init_array)
 .init_array    0x03804944        0x4 build/src/main.o
 .init_array    0x03804948        0x4 C:\Program Files (x86)\VEX Robotics\VEXcode Pro V5\sdk/vexv5\libv5rt.a(vex_color.cpp.obj)
                0x0380494c                __init_array_end = .

.fini_array     0x0380494c        0x0
                0x0380494c                __fini_array_start = .
 *(SORT(.fini_array.*))
 *(.fini_array)
                0x0380494c                __fini_array_end = .

.ARM.attributes
                0x0380494c       0x3c
                0x0380494c                __ARM.attributes_start = .
 *(.ARM.attributes)
 .ARM.attributes
                0x0380494c       0x3a build/src/main.o
 .ARM.attributes
                0x03804986       0x3a build/src/robot-config.o
 .ARM.attributes
                0x038049c0       0x35 C:\Program Files (x86)\VEX Robotics\VEXcode Pro V5\sdk/vexv5\libv5rt.a(v5_startup.c.obj)
 .ARM.attributes
                0x038049f5       0x35 C:\Program Files (x86)\VEX Robotics\VEXcode Pro V5\sdk/vexv5\libv5rt.a(v5_util.c.obj)
 .ARM.attributes
                0x03804a2a       0x35 C:\Program Files (x86)\VEX Robotics\VEXcode Pro V5\sdk/vexv5\libv5rt.a(v5_apijump.c.obj)
 .ARM.attributes
                0x03804a5f       0x35 C:\Program Files (x86)\VEX Robotics\VEXcode Pro V5\sdk/vexv5\libv5rt.a(v5_apiversions.c.obj)
 .ARM.attributes
                0x03804a94       0x35 C:\Program Files (x86)\VEX Robotics\VEXcode Pro V5\sdk/vexv5\libv5rt.a(vex_global.cpp.obj)
 .ARM.attributes
                0x03804ac9       0x35 C:\Program Files (x86)\VEX Robotics\VEXcode Pro V5\sdk/vexv5\libv5rt.a(vex_motor.cpp.obj)
 .ARM.attributes
                0x03804afe       0x35 C:\Program Files (x86)\VEX Robotics\VEXcode Pro V5\sdk/vexv5\libv5rt.a(vex_vision.cpp.obj)
 .ARM.attributes
                0x03804b33       0x35 C:\Program Files (x86)\VEX Robotics\VEXcode Pro V5\sdk/vexv5\libv5rt.a(vex_controller.cpp.obj)
 .ARM.attributes
                0x03804b68       0x35 C:\Program Files (x86)\VEX Robotics\VEXcode Pro V5\sdk/vexv5\libv5rt.a(vex_thread.cpp.obj)
 .ARM.attributes
                0x03804b9d       0x35 C:\Program Files (x86)\VEX Robotics\VEXcode Pro V5\sdk/vexv5\libv5rt.a(vex_event.cpp.obj)
 .ARM.attributes
                0x03804bd2       0x35 C:\Program Files (x86)\VEX Robotics\VEXcode Pro V5\sdk/vexv5\libv5rt.a(vex_mevent.cpp.obj)
 .ARM.attributes
                0x03804c07       0x35 C:\Program Files (x86)\VEX Robotics\VEXcode Pro V5\sdk/vexv5\libv5rt.a(vex_brain.cpp.obj)
 .ARM.attributes
                0x03804c3c       0x35 C:\Program Files (x86)\VEX Robotics\VEXcode Pro V5\sdk/vexv5\libv5rt.a(vex_competition.cpp.obj)
 .ARM.attributes
                0x03804c71       0x35 C:\Program Files (x86)\VEX Robotics\VEXcode Pro V5\sdk/vexv5\libv5rt.a(vex_triport.cpp.obj)
 .ARM.attributes
                0x03804ca6       0x35 C:\Program Files (x86)\VEX Robotics\VEXcode Pro V5\sdk/vexv5\libv5rt.a(vex_color.cpp.obj)
 .ARM.attributes
                0x03804cdb       0x35 C:\Program Files (x86)\VEX Robotics\VEXcode Pro V5\sdk/vexv5\libv5rt.a(vex_timer.cpp.obj)
 .ARM.attributes
                0x03804d10       0x35 C:\Program Files (x86)\VEX Robotics\VEXcode Pro V5\sdk/vexv5\libv5rt.a(vex_motorgroup.cpp.obj)
 .ARM.attributes
                0x03804d45       0x35 C:\Program Files (x86)\VEX Robotics\VEXcode Pro V5\sdk/vexv5\libv5rt.a(v5_apiuser.c.obj)
 .ARM.attributes
                0x03804d7a       0x35 C:\Program Files (x86)\VEX Robotics\VEXcode Pro V5\sdk/vexv5\libv5rt.a(vex_device.cpp.obj)
 .ARM.attributes
                0x03804daf       0x35 C:\Program Files (x86)\VEX Robotics\VEXcode Pro V5\sdk/vexv5\libv5rt.a(vex_task.cpp.obj)
 .ARM.attributes
                0x03804de4       0x2b C:\Program Files (x86)\VEX Robotics\VEXcode Pro V5\sdk/vexv5/gcc/libs\libc.a(lib_a-fini.o)
 .ARM.attributes
                0x03804e0f       0x2b C:\Program Files (x86)\VEX Robotics\VEXcode Pro V5\sdk/vexv5/gcc/libs\libc.a(lib_a-impure.o)
 .ARM.attributes
                0x03804e3a       0x2b C:\Program Files (x86)\VEX Robotics\VEXcode Pro V5\sdk/vexv5/gcc/libs\libc.a(lib_a-init.o)
                0x03804e65                __ARM.attributes_end = .

.sdata          0x0380494c        0x0
                0x0380494c                __sdata_start = .
 *(.sdata)
 *(.sdata.*)
 *(.gnu.linkonce.s.*)
                0x0380494c                __sdata_end = .

.sbss           0x0380494c        0x0
                0x0380494c                __sbss_start = .
 *(.sbss)
 *(.sbss.*)
 *(.gnu.linkonce.sb.*)
                0x0380494c                __sbss_end = .

.tdata          0x0380494c        0x0
                0x0380494c                __tdata_start = .
 *(.tdata)
 *(.tdata.*)
 *(.gnu.linkonce.td.*)
                0x0380494c                __tdata_end = .

.tbss           0x0380494c        0x0
                0x0380494c                __tbss_start = .
 *(.tbss)
 *(.tbss.*)
 *(.gnu.linkonce.tb.*)
                0x0380494c                __tbss_end = .

.bss            0x03804950     0x1634
                0x03804950                __bss_start = .
 *(.bss)
 *(.bss.*)
 .bss.Controller1
                0x03804950      0x1ac build/src/main.o
                0x03804950                Controller1
 .bss.Brain     0x03804afc      0x2bc build/src/main.o
                0x03804afc                Brain
 .bss.DiscSensor
                0x03804db8      0x690 build/src/main.o
                0x03804db8                DiscSensor
 .bss.Flywheel  0x03805448       0x24 build/src/main.o
                0x03805448                Flywheel
 .bss.intake    0x0380546c       0x24 build/src/main.o
                0x0380546c                intake
 .bss.RightDrive1
                0x03805490       0x24 build/src/main.o
                0x03805490                RightDrive1
 .bss.RightDrive2
                0x038054b4       0x24 build/src/main.o
                0x038054b4                RightDrive2
 .bss.RightDrive3
                0x038054d8       0x24 build/src/main.o
                0x038054d8                RightDrive3
 .bss.RightDrive
                0x038054fc       0x48 build/src/main.o
                0x038054fc                RightDrive
 .bss.LeftDrive1
                0x03805544       0x24 build/src/main.o
                0x03805544                LeftDrive1
 .bss.LeftDrive2
                0x03805568       0x24 build/src/main.o
                0x03805568                LeftDrive2
 .bss.LeftDrive3
                0x0380558c       0x24 build/src/main.o
                0x0380558c                LeftDrive3
 .bss.LeftDrive
                0x038055b0       0x48 build/src/main.o
                0x038055b0                LeftDrive
 .bss.Expansion
                0x038055f8       0x18 build/src/main.o
                0x038055f8                Expansion
 .bss.Expansion2
                0x03805610       0x18 build/src/main.o
                0x03805610                Expansion2
 .bss.Indexer   0x03805628       0x18 build/src/main.o
                0x03805628                Indexer
 .bss.Switch    0x03805640       0x20 build/src/main.o
                0x03805640                Switch
 .bss.Vision5__SIG_4
                0x03805660       0x50 build/src/main.o
                0x03805660                Vision5__SIG_4
 .bss.Vision5__SIG_5
                0x038056b0       0x50 build/src/main.o
                0x038056b0                Vision5__SIG_5
 .bss.Vision5__SIG_6
                0x03805700       0x50 build/src/main.o
                0x03805700                Vision5__SIG_6
 .bss.Vision5__SIG_7
                0x03805750       0x50 build/src/main.o
                0x03805750                Vision5__SIG_7
 .bss.Vision5__BLUEBOX
                0x038057a0       0x50 build/src/main.o
                0x038057a0                Vision5__BLUEBOX
 .bss.Vision5__REDBOX
                0x038057f0       0x50 build/src/main.o
                0x038057f0                Vision5__REDBOX
 .bss.Vision5   0x03805840      0x690 build/src/main.o
                0x03805840                Vision5
 .bss.checkRed  0x03805ed0        0x8 build/src/main.o
                0x03805ed0                checkRed
 .bss.intakestate
                0x03805ed8        0x1 build/src/main.o
                0x03805ed8                intakestate
 .bss.drivestate
                0x03805ed9        0x1 build/src/main.o
                0x03805ed9                drivestate
 *fill*         0x03805eda        0x2 
 .bss.Competition
                0x03805edc       0x28 build/src/main.o
                0x03805edc                Competition
 .bss.__dso_handle
                0x03805f04        0x4 C:\Program Files (x86)\VEX Robotics\VEXcode Pro V5\sdk/vexv5\libv5rt.a(v5_startup.c.obj)
                0x03805f04                __dso_handle
 .bss._ZN3vex11competition22bStopTasksBetweenModesE
                0x03805f08        0x1 C:\Program Files (x86)\VEX Robotics\VEXcode Pro V5\sdk/vexv5\libv5rt.a(vex_competition.cpp.obj)
                0x03805f08                vex::competition::bStopTasksBetweenModes
 .bss._ZN3vex11competition25bStopAllTasksBetweenModesE
                0x03805f09        0x1 C:\Program Files (x86)\VEX Robotics\VEXcode Pro V5\sdk/vexv5\libv5rt.a(vex_competition.cpp.obj)
                0x03805f09                vex::competition::bStopAllTasksBetweenModes
 .bss._ZN3vex11competition14_auton_pendingE
                0x03805f0a        0x1 C:\Program Files (x86)\VEX Robotics\VEXcode Pro V5\sdk/vexv5\libv5rt.a(vex_competition.cpp.obj)
                0x03805f0a                vex::competition::_auton_pending
 *fill*         0x03805f0b        0x1 
 .bss._ZN3vex11competition20_autonomous_callbackE
                0x03805f0c        0x4 C:\Program Files (x86)\VEX Robotics\VEXcode Pro V5\sdk/vexv5\libv5rt.a(vex_competition.cpp.obj)
                0x03805f0c                vex::competition::_autonomous_callback
 .bss._ZN3vex11competition23_drivercontrol_callbackE
                0x03805f10        0x4 C:\Program Files (x86)\VEX Robotics\VEXcode Pro V5\sdk/vexv5\libv5rt.a(vex_competition.cpp.obj)
                0x03805f10                vex::competition::_drivercontrol_callback
 .bss._ZN3vex11competition15_driver_pendingE
                0x03805f14        0x1 C:\Program Files (x86)\VEX Robotics\VEXcode Pro V5\sdk/vexv5\libv5rt.a(vex_competition.cpp.obj)
                0x03805f14                vex::competition::_driver_pending
 *fill*         0x03805f15        0x3 
 .bss._ZN3vex5color6orangeE
                0x03805f18        0x8 C:\Program Files (x86)\VEX Robotics\VEXcode Pro V5\sdk/vexv5\libv5rt.a(vex_color.cpp.obj)
                0x03805f18                vex::color::orange
 .bss._ZN3vex5color5blackE
                0x03805f20        0x8 C:\Program Files (x86)\VEX Robotics\VEXcode Pro V5\sdk/vexv5\libv5rt.a(vex_color.cpp.obj)
                0x03805f20                vex::color::black
 .bss._ZN3vex5color6yellowE
                0x03805f28        0x8 C:\Program Files (x86)\VEX Robotics\VEXcode Pro V5\sdk/vexv5\libv5rt.a(vex_color.cpp.obj)
                0x03805f28                vex::color::yellow
 .bss._ZN3vex5color5greenE
                0x03805f30        0x8 C:\Program Files (x86)\VEX Robotics\VEXcode Pro V5\sdk/vexv5\libv5rt.a(vex_color.cpp.obj)
                0x03805f30                vex::color::green
 .bss._ZN3vex5color6purpleE
                0x03805f38        0x8 C:\Program Files (x86)\VEX Robotics\VEXcode Pro V5\sdk/vexv5\libv5rt.a(vex_color.cpp.obj)
                0x03805f38                vex::color::purple
 .bss._ZN3vex5color4cyanE
                0x03805f40        0x8 C:\Program Files (x86)\VEX Robotics\VEXcode Pro V5\sdk/vexv5\libv5rt.a(vex_color.cpp.obj)
                0x03805f40                vex::color::cyan
 .bss._ZN3vex5color4blueE
                0x03805f48        0x8 C:\Program Files (x86)\VEX Robotics\VEXcode Pro V5\sdk/vexv5\libv5rt.a(vex_color.cpp.obj)
                0x03805f48                vex::color::blue
 .bss._ZN3vex5color3redE
                0x03805f50        0x8 C:\Program Files (x86)\VEX Robotics\VEXcode Pro V5\sdk/vexv5\libv5rt.a(vex_color.cpp.obj)
                0x03805f50                vex::color::red
 .bss._ZN3vex5color11transparentE
                0x03805f58        0x8 C:\Program Files (x86)\VEX Robotics\VEXcode Pro V5\sdk/vexv5\libv5rt.a(vex_color.cpp.obj)
                0x03805f58                vex::color::transparent
 .bss._ZN3vex5color5whiteE
                0x03805f60        0x8 C:\Program Files (x86)\VEX Robotics\VEXcode Pro V5\sdk/vexv5\libv5rt.a(vex_color.cpp.obj)
                0x03805f60                vex::color::white
 .bss._ZN3vex4task8_labelIdE
                0x03805f68        0x4 C:\Program Files (x86)\VEX Robotics\VEXcode Pro V5\sdk/vexv5\libv5rt.a(vex_task.cpp.obj)
                0x03805f68                vex::task::_labelId
 *(.gnu.linkonce.b.*)
 *(COMMON)
 COMMON         0x03805f6c       0x18 C:\Program Files (x86)\VEX Robotics\VEXcode Pro V5\sdk/vexv5\libv5rt.a(v5_startup.c.obj)
                0x03805f70                __vex_critical_section
                0x03805f84                __bss_end = .
                0x0380494c                _SDA_BASE_ = (__sdata_start + ((__sbss_end - __sdata_start) / 0x2))
                0x038044f0                _SDA2_BASE_ = (__sdata2_start + ((__sbss2_end - __sdata2_start) / 0x2))

.heap           0x03805f84   0x10000c
                0x03805f90                . = ALIGN (0x10)
 *fill*         0x03805f84        0xc 
                0x03805f90                _heap = .
                0x03805f90                HeapBase = .
                0x03805f90                _heap_start = .
                0x03905f90                . = (. + _HEAP_SIZE)
 *fill*         0x03805f90   0x100000 
                0x03905f90                _heap_end = .
                0x03905f90                HeapLimit = .

.stack          0x03905f90     0x3800
                0x03905f90                . = ALIGN (0x10)
                0x03905f90                _stack_end = .
                0x03907f90                . = (. + _STACK_SIZE)
 *fill*         0x03905f90     0x2000 
                0x03907f90                . = ALIGN (0x10)
                0x03907f90                _stack = .
                0x03907f90                __stack = _stack
                0x03907f90                . = ALIGN (0x10)
                0x03907f90                _irq_stack_end = .
                0x03908390                . = (. + _IRQ_STACK_SIZE)
 *fill*         0x03907f90      0x400 
                0x03908390                . = ALIGN (0x10)
                0x03908390                __irq_stack = .
                0x03908390                _supervisor_stack_end = .
                0x03908b90                . = (. + _SUPERVISOR_STACK_SIZE)
 *fill*         0x03908390      0x800 
                0x03908b90                . = ALIGN (0x10)
                0x03908b90                __supervisor_stack = .
                0x03908b90                _abort_stack_end = .
                0x03908f90                . = (. + _ABORT_STACK_SIZE)
 *fill*         0x03908b90      0x400 
                0x03908f90                . = ALIGN (0x10)
                0x03908f90                __abort_stack = .
                0x03908f90                _fiq_stack_end = .
                0x03909390                . = (. + _FIQ_STACK_SIZE)
 *fill*         0x03908f90      0x400 
                0x03909390                . = ALIGN (0x10)
                0x03909390                __fiq_stack = .
                0x03909390                _undef_stack_end = .
                0x03909790                . = (. + _UNDEF_STACK_SIZE)
 *fill*         0x03909390      0x400 
                0x03909790                . = ALIGN (0x10)
                0x03909790                __undef_stack = .
                0x03909790                _end = .
LOAD C:\Program Files (x86)\VEX Robotics\VEXcode Pro V5\sdk/vexv5/stdlib_0.lib
LOAD build/src/main.o
LOAD build/src/robot-config.o
START GROUP
LOAD C:\Program Files (x86)\VEX Robotics\VEXcode Pro V5\sdk/vexv5\libv5rt.a
LOAD C:\Program Files (x86)\VEX Robotics\VEXcode Pro V5\sdk/vexv5/gcc/libs\libstdc++.a
LOAD C:\Program Files (x86)\VEX Robotics\VEXcode Pro V5\sdk/vexv5/gcc/libs\libc.a
LOAD C:\Program Files (x86)\VEX Robotics\VEXcode Pro V5\sdk/vexv5/gcc/libs\libm.a
LOAD C:\Program Files (x86)\VEX Robotics\VEXcode Pro V5\sdk/vexv5/gcc/libs\libgcc.a
END GROUP
OUTPUT(build/BlueAllianceBCode.elf elf32-littlearm)

.comment        0x00000000       0x9d
 .comment       0x00000000       0x2d build/src/main.o
                                 0x2e (size before relaxing)
 .comment       0x00000000       0x2e build/src/robot-config.o
 .comment       0x0000002d       0x70 C:\Program Files (x86)\VEX Robotics\VEXcode Pro V5\sdk/vexv5\libv5rt.a(v5_startup.c.obj)
                                 0x71 (size before relaxing)
 .comment       0x00000000       0x71 C:\Program Files (x86)\VEX Robotics\VEXcode Pro V5\sdk/vexv5\libv5rt.a(v5_util.c.obj)
 .comment       0x00000000       0x71 C:\Program Files (x86)\VEX Robotics\VEXcode Pro V5\sdk/vexv5\libv5rt.a(v5_apijump.c.obj)
 .comment       0x00000000       0x71 C:\Program Files (x86)\VEX Robotics\VEXcode Pro V5\sdk/vexv5\libv5rt.a(v5_apiversions.c.obj)
 .comment       0x00000000       0x71 C:\Program Files (x86)\VEX Robotics\VEXcode Pro V5\sdk/vexv5\libv5rt.a(vex_global.cpp.obj)
 .comment       0x00000000       0x71 C:\Program Files (x86)\VEX Robotics\VEXcode Pro V5\sdk/vexv5\libv5rt.a(vex_motor.cpp.obj)
 .comment       0x00000000       0x71 C:\Program Files (x86)\VEX Robotics\VEXcode Pro V5\sdk/vexv5\libv5rt.a(vex_vision.cpp.obj)
 .comment       0x00000000       0x71 C:\Program Files (x86)\VEX Robotics\VEXcode Pro V5\sdk/vexv5\libv5rt.a(vex_controller.cpp.obj)
 .comment       0x00000000       0x71 C:\Program Files (x86)\VEX Robotics\VEXcode Pro V5\sdk/vexv5\libv5rt.a(vex_thread.cpp.obj)
 .comment       0x00000000       0x71 C:\Program Files (x86)\VEX Robotics\VEXcode Pro V5\sdk/vexv5\libv5rt.a(vex_event.cpp.obj)
 .comment       0x00000000       0x71 C:\Program Files (x86)\VEX Robotics\VEXcode Pro V5\sdk/vexv5\libv5rt.a(vex_mevent.cpp.obj)
 .comment       0x00000000       0x71 C:\Program Files (x86)\VEX Robotics\VEXcode Pro V5\sdk/vexv5\libv5rt.a(vex_brain.cpp.obj)
 .comment       0x00000000       0x71 C:\Program Files (x86)\VEX Robotics\VEXcode Pro V5\sdk/vexv5\libv5rt.a(vex_competition.cpp.obj)
 .comment       0x00000000       0x71 C:\Program Files (x86)\VEX Robotics\VEXcode Pro V5\sdk/vexv5\libv5rt.a(vex_triport.cpp.obj)
 .comment       0x00000000       0x71 C:\Program Files (x86)\VEX Robotics\VEXcode Pro V5\sdk/vexv5\libv5rt.a(vex_color.cpp.obj)
 .comment       0x00000000       0x71 C:\Program Files (x86)\VEX Robotics\VEXcode Pro V5\sdk/vexv5\libv5rt.a(vex_timer.cpp.obj)
 .comment       0x00000000       0x71 C:\Program Files (x86)\VEX Robotics\VEXcode Pro V5\sdk/vexv5\libv5rt.a(vex_motorgroup.cpp.obj)
 .comment       0x00000000       0x71 C:\Program Files (x86)\VEX Robotics\VEXcode Pro V5\sdk/vexv5\libv5rt.a(v5_apiuser.c.obj)